Archive member included because of file (symbol)

c:/program files (x86)/emblocks/2.30/share/em_armgcc/bin/../lib/gcc/arm-none-eabi/4.7.3/../../../../arm-none-eabi/lib/armv7-m\libc_n.a(lib_a-atoi.o)
                              obj\debug\src\main.o (atoi)
c:/program files (x86)/emblocks/2.30/share/em_armgcc/bin/../lib/gcc/arm-none-eabi/4.7.3/../../../../arm-none-eabi/lib/armv7-m\libc_n.a(lib_a-exit.o)
                              c:/program files (x86)/emblocks/2.30/share/em_armgcc/bin/../lib/gcc/arm-none-eabi/4.7.3/../../../../arm-none-eabi/lib/armv7-m/crt0.o (exit)
c:/program files (x86)/emblocks/2.30/share/em_armgcc/bin/../lib/gcc/arm-none-eabi/4.7.3/../../../../arm-none-eabi/lib/armv7-m\libc_n.a(lib_a-impure.o)
                              c:/program files (x86)/emblocks/2.30/share/em_armgcc/bin/../lib/gcc/arm-none-eabi/4.7.3/../../../../arm-none-eabi/lib/armv7-m\libc_n.a(lib_a-exit.o) (_global_impure_ptr)
c:/program files (x86)/emblocks/2.30/share/em_armgcc/bin/../lib/gcc/arm-none-eabi/4.7.3/../../../../arm-none-eabi/lib/armv7-m\libc_n.a(lib_a-init.o)
                              c:/program files (x86)/emblocks/2.30/share/em_armgcc/bin/../lib/gcc/arm-none-eabi/4.7.3/../../../../arm-none-eabi/lib/armv7-m/crt0.o (__libc_init_array)
c:/program files (x86)/emblocks/2.30/share/em_armgcc/bin/../lib/gcc/arm-none-eabi/4.7.3/../../../../arm-none-eabi/lib/armv7-m\libc_n.a(lib_a-memset.o)
                              c:/program files (x86)/emblocks/2.30/share/em_armgcc/bin/../lib/gcc/arm-none-eabi/4.7.3/../../../../arm-none-eabi/lib/armv7-m/crt0.o (memset)
c:/program files (x86)/emblocks/2.30/share/em_armgcc/bin/../lib/gcc/arm-none-eabi/4.7.3/../../../../arm-none-eabi/lib/armv7-m\libc_n.a(lib_a-snprintf.o)
                              obj\debug\src\main.o (snprintf)
c:/program files (x86)/emblocks/2.30/share/em_armgcc/bin/../lib/gcc/arm-none-eabi/4.7.3/../../../../arm-none-eabi/lib/armv7-m\libc_n.a(lib_a-strlen.o)
                              obj\debug\src\ax25.o (strlen)
c:/program files (x86)/emblocks/2.30/share/em_armgcc/bin/../lib/gcc/arm-none-eabi/4.7.3/../../../../arm-none-eabi/lib/armv7-m\libc_n.a(lib_a-strncat.o)
                              obj\debug\src\main.o (strncat)
c:/program files (x86)/emblocks/2.30/share/em_armgcc/bin/../lib/gcc/arm-none-eabi/4.7.3/../../../../arm-none-eabi/lib/armv7-m\libc_n.a(lib_a-strncmp.o)
                              obj\debug\src\gps.o (strncmp)
c:/program files (x86)/emblocks/2.30/share/em_armgcc/bin/../lib/gcc/arm-none-eabi/4.7.3/../../../../arm-none-eabi/lib/armv7-m\libc_n.a(lib_a-strncpy.o)
                              obj\debug\src\gps.o (strncpy)
c:/program files (x86)/emblocks/2.30/share/em_armgcc/bin/../lib/gcc/arm-none-eabi/4.7.3/../../../../arm-none-eabi/lib/armv7-m\libc_n.a(lib_a-strtok.o)
                              obj\debug\src\gps.o (strtok)
c:/program files (x86)/emblocks/2.30/share/em_armgcc/bin/../lib/gcc/arm-none-eabi/4.7.3/../../../../arm-none-eabi/lib/armv7-m\libc_n.a(lib_a-strtok_r.o)
                              c:/program files (x86)/emblocks/2.30/share/em_armgcc/bin/../lib/gcc/arm-none-eabi/4.7.3/../../../../arm-none-eabi/lib/armv7-m\libc_n.a(lib_a-strtok.o) (__strtok_r)
c:/program files (x86)/emblocks/2.30/share/em_armgcc/bin/../lib/gcc/arm-none-eabi/4.7.3/../../../../arm-none-eabi/lib/armv7-m\libc_n.a(lib_a-strtol.o)
                              c:/program files (x86)/emblocks/2.30/share/em_armgcc/bin/../lib/gcc/arm-none-eabi/4.7.3/../../../../arm-none-eabi/lib/armv7-m\libc_n.a(lib_a-atoi.o) (_strtol_r)
c:/program files (x86)/emblocks/2.30/share/em_armgcc/bin/../lib/gcc/arm-none-eabi/4.7.3/../../../../arm-none-eabi/lib/armv7-m\libc_n.a(lib_a-svfprintf.o)
                              c:/program files (x86)/emblocks/2.30/share/em_armgcc/bin/../lib/gcc/arm-none-eabi/4.7.3/../../../../arm-none-eabi/lib/armv7-m\libc_n.a(lib_a-snprintf.o) (_svfprintf_r)
c:/program files (x86)/emblocks/2.30/share/em_armgcc/bin/../lib/gcc/arm-none-eabi/4.7.3/../../../../arm-none-eabi/lib/armv7-m\libc_n.a(lib_a-vfprintf_i.o)
                              c:/program files (x86)/emblocks/2.30/share/em_armgcc/bin/../lib/gcc/arm-none-eabi/4.7.3/../../../../arm-none-eabi/lib/armv7-m\libc_n.a(lib_a-svfprintf.o) (_printf_i)
c:/program files (x86)/emblocks/2.30/share/em_armgcc/bin/../lib/gcc/arm-none-eabi/4.7.3/../../../../arm-none-eabi/lib/armv7-m\libc_n.a(lib_a-ctype_.o)
                              c:/program files (x86)/emblocks/2.30/share/em_armgcc/bin/../lib/gcc/arm-none-eabi/4.7.3/../../../../arm-none-eabi/lib/armv7-m\libc_n.a(lib_a-strtol.o) (__ctype_ptr__)
c:/program files (x86)/emblocks/2.30/share/em_armgcc/bin/../lib/gcc/arm-none-eabi/4.7.3/../../../../arm-none-eabi/lib/armv7-m\libc_n.a(lib_a-malloc.o)
                              c:/program files (x86)/emblocks/2.30/share/em_armgcc/bin/../lib/gcc/arm-none-eabi/4.7.3/../../../../arm-none-eabi/lib/armv7-m\libc_n.a(lib_a-strtok.o) (malloc)
[...]
Memory Configuration

Name             Origin             Length             Attributes
ROM              0x08000000         0x00020000         xr
RAM              0x20000000         0x00010000         xrw
*default*        0x00000000         0xffffffff

Linker script and memory map

LOAD c:/program files (x86)/emblocks/2.30/share/em_armgcc/bin/../lib/gcc/arm-none-eabi/4.7.3/armv7-m/crti.o
LOAD c:/program files (x86)/emblocks/2.30/share/em_armgcc/bin/../lib/gcc/arm-none-eabi/4.7.3/armv7-m/crtbegin.o
LOAD c:/program files (x86)/emblocks/2.30/share/em_armgcc/bin/../lib/gcc/arm-none-eabi/4.7.3/../../../../arm-none-eabi/lib/armv7-m/crt0.o
                0x00000000                __HEAP_SIZE = 0x0
                0x00000100                __STACK_SIZE = 0x100

.text           0x08000000     0xba0c
 *(.isr_vector)
 .isr_vector    0x08000000      0x184 obj\debug\src\startup_stm32f2xx.o
                0x08000000                __isr_vector
 *(.text*)
 .text          0x08000184       0x54 c:/program files (x86)/emblocks/2.30/share/em_armgcc/bin/../lib/gcc/arm-none-eabi/4.7.3/armv7-m/crtbegin.o
 .text          0x080001d8       0x74 c:/program files (x86)/emblocks/2.30/share/em_armgcc/bin/../lib/gcc/arm-none-eabi/4.7.3/../../../../arm-none-eabi/lib/armv7-m/crt0.o
                0x080001d8                _start
                0x080001d8                _mainCRTStartup
 .text.NVIC_PriorityGroupConfig
                0x0800024c       0x28 obj\debug\spl\src\misc.o
                0x0800024c                NVIC_PriorityGroupConfig
 .text.NVIC_Init
                0x08000274       0xe4 obj\debug\spl\src\misc.o
                0x08000274                NVIC_Init
 .text.ADC_Init
                0x08000358       0xb8 obj\debug\spl\src\stm32f2xx_adc.o
                0x08000358                ADC_Init
 .text.ADC_StructInit
                0x08000410       0x4c obj\debug\spl\src\stm32f2xx_adc.o
                0x08000410                ADC_StructInit
 .text.ADC_CommonInit
                0x0800045c       0x5c obj\debug\spl\src\stm32f2xx_adc.o
                0x0800045c                ADC_CommonInit
 .text.ADC_Cmd  0x080004b8       0x38 obj\debug\spl\src\stm32f2xx_adc.o
                0x080004b8                ADC_Cmd
 .text.ADC_RegularChannelConfig
                0x080004f0      0x1bc obj\debug\spl\src\stm32f2xx_adc.o
                0x080004f0                ADC_RegularChannelConfig
 .text.ADC_SoftwareStartConv
                0x080006ac       0x20 obj\debug\spl\src\stm32f2xx_adc.o
                0x080006ac                ADC_SoftwareStartConv
 .text.ADC_GetConversionValue
                0x080006cc       0x1c obj\debug\spl\src\stm32f2xx_adc.o
                0x080006cc                ADC_GetConversionValue
 .text.ADC_GetFlagStatus
                0x080006e8       0x3c obj\debug\spl\src\stm32f2xx_adc.o
                0x080006e8                ADC_GetFlagStatus
 .text.DAC_Init
                0x08000724       0x74 obj\debug\spl\src\stm32f2xx_dac.o
                0x08000724                DAC_Init
 .text.DAC_Cmd  0x08000798       0x64 obj\debug\spl\src\stm32f2xx_dac.o
                0x08000798                DAC_Cmd
 .text.DAC_DMACmd
                0x080007fc       0x64 obj\debug\spl\src\stm32f2xx_dac.o
                0x080007fc                DAC_DMACmd
 .text.DMA_DeInit
                0x08000860      0x244 obj\debug\spl\src\stm32f2xx_dma.o
                0x08000860                DMA_DeInit
 .text.DMA_Init
                0x08000aa4       0xb0 obj\debug\spl\src\stm32f2xx_dma.o
                0x08000aa4                DMA_Init
 .text.DMA_Cmd  0x08000b54       0x38 obj\debug\spl\src\stm32f2xx_dma.o
                0x08000b54                DMA_Cmd
 .text.DMA_FlowControllerConfig
                0x08000b8c       0x34 obj\debug\spl\src\stm32f2xx_dma.o
                0x08000b8c                DMA_FlowControllerConfig
 .text.DMA_ClearFlag
                0x08000bc0       0x60 obj\debug\spl\src\stm32f2xx_dma.o
                0x08000bc0                DMA_ClearFlag
 .text.DMA_ITConfig
                0x08000c20       0x74 obj\debug\spl\src\stm32f2xx_dma.o
                0x08000c20                DMA_ITConfig
 .text.GPIO_Init
                0x08000c94      0x144 obj\debug\spl\src\stm32f2xx_gpio.o
                0x08000c94                GPIO_Init
 .text.GPIO_ReadInputDataBit
                0x08000dd8       0x3c obj\debug\spl\src\stm32f2xx_gpio.o
                0x08000dd8                GPIO_ReadInputDataBit
 .text.GPIO_SetBits
                0x08000e14       0x1c obj\debug\spl\src\stm32f2xx_gpio.o
                0x08000e14                GPIO_SetBits
 .text.GPIO_ResetBits
                0x08000e30       0x1c obj\debug\spl\src\stm32f2xx_gpio.o
                0x08000e30                GPIO_ResetBits
 .text.GPIO_PinAFConfig
                0x08000e4c       0xa8 obj\debug\spl\src\stm32f2xx_gpio.o
                0x08000e4c                GPIO_PinAFConfig
 .text.I2C_DeInit
                0x08000ef4       0x88 obj\debug\spl\src\stm32f2xx_i2c.o
                0x08000ef4                I2C_DeInit
 .text.I2C_Init
                0x08000f7c      0x1ac obj\debug\spl\src\stm32f2xx_i2c.o
                0x08000f7c                I2C_Init
 .text.I2C_Cmd  0x08001128       0x40 obj\debug\spl\src\stm32f2xx_i2c.o
                0x08001128                I2C_Cmd
 .text.I2C_GenerateSTART
                0x08001168       0x40 obj\debug\spl\src\stm32f2xx_i2c.o
                0x08001168                I2C_GenerateSTART
 .text.I2C_GenerateSTOP
                0x080011a8       0x40 obj\debug\spl\src\stm32f2xx_i2c.o
                0x080011a8                I2C_GenerateSTOP
 .text.I2C_Send7bitAddress
                0x080011e8       0x3c obj\debug\spl\src\stm32f2xx_i2c.o
                0x080011e8                I2C_Send7bitAddress
 .text.I2C_AcknowledgeConfig
                0x08001224       0x40 obj\debug\spl\src\stm32f2xx_i2c.o
                0x08001224                I2C_AcknowledgeConfig
 .text.I2C_SendData
                0x08001264       0x20 obj\debug\spl\src\stm32f2xx_i2c.o
                0x08001264                I2C_SendData
 .text.I2C_ReceiveData
                0x08001284       0x1c obj\debug\spl\src\stm32f2xx_i2c.o
                0x08001284                I2C_ReceiveData
 .text.I2C_GetFlagStatus
                0x080012a0       0x78 obj\debug\spl\src\stm32f2xx_i2c.o
                0x080012a0                I2C_GetFlagStatus
 .text.IWDG_WriteAccessCmd
                0x08001318       0x20 obj\debug\spl\src\stm32f2xx_iwdg.o
                0x08001318                IWDG_WriteAccessCmd
 .text.IWDG_SetPrescaler
                0x08001338       0x20 obj\debug\spl\src\stm32f2xx_iwdg.o
                0x08001338                IWDG_SetPrescaler
 .text.IWDG_SetReload
                0x08001358       0x20 obj\debug\spl\src\stm32f2xx_iwdg.o
                0x08001358                IWDG_SetReload
 .text.IWDG_ReloadCounter
                0x08001378       0x18 obj\debug\spl\src\stm32f2xx_iwdg.o
                0x08001378                IWDG_ReloadCounter
 .text.IWDG_Enable
                0x08001390       0x18 obj\debug\spl\src\stm32f2xx_iwdg.o
                0x08001390                IWDG_Enable
 .text.RCC_GetClocksFreq
                0x080013a8      0x1cc obj\debug\spl\src\stm32f2xx_rcc.o
                0x080013a8                RCC_GetClocksFreq
 .text.RCC_AHB1PeriphClockCmd
                0x08001574       0x54 obj\debug\spl\src\stm32f2xx_rcc.o
                0x08001574                RCC_AHB1PeriphClockCmd
 .text.RCC_APB1PeriphClockCmd
                0x080015c8       0x54 obj\debug\spl\src\stm32f2xx_rcc.o
                0x080015c8                RCC_APB1PeriphClockCmd
 .text.RCC_APB2PeriphClockCmd
                0x0800161c       0x54 obj\debug\spl\src\stm32f2xx_rcc.o
                0x0800161c                RCC_APB2PeriphClockCmd
 .text.RCC_APB1PeriphResetCmd
                0x08001670       0x54 obj\debug\spl\src\stm32f2xx_rcc.o
                0x08001670                RCC_APB1PeriphResetCmd
 .text.RCC_APB2PeriphResetCmd
                0x080016c4       0x54 obj\debug\spl\src\stm32f2xx_rcc.o
                0x080016c4                RCC_APB2PeriphResetCmd
 .text.RCC_GetFlagStatus
                0x08001718       0x90 obj\debug\spl\src\stm32f2xx_rcc.o
                0x08001718                RCC_GetFlagStatus
 .text.RCC_ClearFlag
                0x080017a8       0x24 obj\debug\spl\src\stm32f2xx_rcc.o
                0x080017a8                RCC_ClearFlag
 .text.SDIO_DeInit
                0x080017cc       0x20 obj\debug\spl\src\stm32f2xx_sdio.o
                0x080017cc                SDIO_DeInit
 .text.SDIO_Init
                0x080017ec       0x68 obj\debug\spl\src\stm32f2xx_sdio.o
                0x080017ec                SDIO_Init
 .text.SDIO_ClockCmd
                0x08001854       0x20 obj\debug\spl\src\stm32f2xx_sdio.o
                0x08001854                SDIO_ClockCmd
 .text.SDIO_SetPowerState
                0x08001874       0x20 obj\debug\spl\src\stm32f2xx_sdio.o
                0x08001874                SDIO_SetPowerState
 .text.SDIO_GetPowerState
                0x08001894       0x1c obj\debug\spl\src\stm32f2xx_sdio.o
                0x08001894                SDIO_GetPowerState
 .text.SDIO_SendCommand
                0x080018b0       0x68 obj\debug\spl\src\stm32f2xx_sdio.o
                0x080018b0                SDIO_SendCommand
 .text.SDIO_GetCommandResponse
                0x08001918       0x18 obj\debug\spl\src\stm32f2xx_sdio.o
                0x08001918                SDIO_GetCommandResponse
 .text.SDIO_GetResponse
                0x08001930       0x2c obj\debug\spl\src\stm32f2xx_sdio.o
                0x08001930                SDIO_GetResponse
 .text.SDIO_DataConfig
                0x0800195c       0x70 obj\debug\spl\src\stm32f2xx_sdio.o
                0x0800195c                SDIO_DataConfig
 .text.SDIO_ReadData
                0x080019cc       0x18 obj\debug\spl\src\stm32f2xx_sdio.o
                0x080019cc                SDIO_ReadData
 .text.SDIO_DMACmd
                0x080019e4       0x20 obj\debug\spl\src\stm32f2xx_sdio.o
                0x080019e4                SDIO_DMACmd
 .text.SDIO_ITConfig
                0x08001a04       0x54 obj\debug\spl\src\stm32f2xx_sdio.o
                0x08001a04                SDIO_ITConfig
 .text.SDIO_GetFlagStatus
                0x08001a58       0x3c obj\debug\spl\src\stm32f2xx_sdio.o
                0x08001a58                SDIO_GetFlagStatus
 .text.SDIO_ClearFlag
                0x08001a94       0x20 obj\debug\spl\src\stm32f2xx_sdio.o
                0x08001a94                SDIO_ClearFlag
 .text.SDIO_GetITStatus
                0x08001ab4       0x3c obj\debug\spl\src\stm32f2xx_sdio.o
                0x08001ab4                SDIO_GetITStatus
 .text.SDIO_ClearITPendingBit
                0x08001af0       0x20 obj\debug\spl\src\stm32f2xx_sdio.o
                0x08001af0                SDIO_ClearITPendingBit
 .text.TIM_TimeBaseInit
                0x08001b10       0xf4 obj\debug\spl\src\stm32f2xx_tim.o
                0x08001b10                TIM_TimeBaseInit
 .text.TIM_TimeBaseStructInit
                0x08001c04       0x3c obj\debug\spl\src\stm32f2xx_tim.o
                0x08001c04                TIM_TimeBaseStructInit
 .text.TIM_SetAutoreload
                0x08001c40       0x1c obj\debug\spl\src\stm32f2xx_tim.o
                0x08001c40                TIM_SetAutoreload
 .text.TIM_ARRPreloadConfig
                0x08001c5c       0x40 obj\debug\spl\src\stm32f2xx_tim.o
                0x08001c5c                TIM_ARRPreloadConfig
 .text.TIM_Cmd  0x08001c9c       0x40 obj\debug\spl\src\stm32f2xx_tim.o
                0x08001c9c                TIM_Cmd
 .text.TIM_ITConfig
                0x08001cdc       0x48 obj\debug\spl\src\stm32f2xx_tim.o
                0x08001cdc                TIM_ITConfig
 .text.TIM_GetITStatus
                0x08001d24       0x60 obj\debug\spl\src\stm32f2xx_tim.o
                0x08001d24                TIM_GetITStatus
 .text.TIM_ClearITPendingBit
                0x08001d84       0x24 obj\debug\spl\src\stm32f2xx_tim.o
                0x08001d84                TIM_ClearITPendingBit
 .text.TIM_SelectOutputTrigger
                0x08001da8       0x38 obj\debug\spl\src\stm32f2xx_tim.o
                0x08001da8                TIM_SelectOutputTrigger
 .text.USART_Init
                0x08001de0      0x1ac obj\debug\spl\src\stm32f2xx_usart.o
                0x08001de0                USART_Init
 .text.USART_Cmd
                0x08001f8c       0x40 obj\debug\spl\src\stm32f2xx_usart.o
                0x08001f8c                USART_Cmd
 .text.USART_SendData
                0x08001fcc       0x28 obj\debug\spl\src\stm32f2xx_usart.o
                0x08001fcc                USART_SendData
 .text.USART_ReceiveData
                0x08001ff4       0x24 obj\debug\spl\src\stm32f2xx_usart.o
                0x08001ff4                USART_ReceiveData
 .text.USART_ITConfig
                0x08002018       0xa4 obj\debug\spl\src\stm32f2xx_usart.o
                0x08002018                USART_ITConfig
 .text.USART_GetFlagStatus
                0x080020bc       0x40 obj\debug\spl\src\stm32f2xx_usart.o
                0x080020bc                USART_GetFlagStatus
 .text.USART_GetITStatus
                0x080020fc       0xc4 obj\debug\spl\src\stm32f2xx_usart.o
                0x080020fc                USART_GetITStatus
 .text.USART_ClearITPendingBit
                0x080021c0       0x44 obj\debug\spl\src\stm32f2xx_usart.o
                0x080021c0                USART_ClearITPendingBit
 .text.my_ADC_Init
                0x08002204       0xc4 obj\debug\src\adc.o
                0x08002204                my_ADC_Init
 .text.UB_ADC1_AV_Read
                0x080022c8       0x50 obj\debug\src\adc.o
                0x080022c8                UB_ADC1_AV_Read
 .text.UB_ADC1_SINGLE_Read
                0x08002318       0x68 obj\debug\src\adc.o
                0x08002318                UB_ADC1_SINGLE_Read
 .text.ax25_init
                0x08002380       0xb0 obj\debug\src\ax25.o
                0x08002380                ax25_init
 .text.TIM7_IRQHandler
                0x08002430      0x174 obj\debug\src\ax25.o
                0x08002430                TIM7_IRQHandler
 .text.rf_send_string
                0x080025a4      0x128 obj\debug\src\ax25.o
                0x080025a4                rf_send_string
 .text.my_DAC_Init
                0x080026cc      0x14c obj\debug\src\dac.o
                0x080026cc                my_DAC_Init
 .text.startSine
                0x08002818       0xc8 obj\debug\src\dac.o
                0x08002818                startSine
 .text.stopSine
                0x080028e0       0x24 obj\debug\src\dac.o
                0x080028e0                stopSine
 .text.transmit
                0x08002904       0x3c obj\debug\src\dac.o
                0x08002904                transmit
 .text.LIS302_Init
                0x08002940       0x48 obj\debug\src\lis302.o
                0x08002940                LIS302_Init
 .text.LIS302_GetAcc
                0x08002988      0x164 obj\debug\src\lis302.o
                0x08002988                LIS302_GetAcc
 .text.MCP_9800_init
                0x08002aec        0xc obj\debug\src\mcp9800.o
                0x08002aec                MCP_9800_init
 .text.MCP9800_get_tmp
                0x08002af8       0x54 obj\debug\src\mcp9800.o
                0x08002af8                MCP9800_get_tmp
 .text.MS5607_init
                0x08002b4c      0x21c obj\debug\src\ms5607.o
                0x08002b4c                MS5607_init
 .text.MS5607_get_pressure
                0x08002d68      0x568 obj\debug\src\ms5607.o
                0x08002d68                MS5607_get_pressure
 .text.FillState
                0x080032d0       0x24 obj\debug\src\ringbuffer.o
 .text.InitRingBuffer
                0x080032f4       0x28 obj\debug\src\ringbuffer.o
                0x080032f4                InitRingBuffer
 .text.RingBufferRead
                0x0800331c       0x44 obj\debug\src\ringbuffer.o
                0x0800331c                RingBufferRead
 .text.RingBufferWrite
                0x08003360       0x44 obj\debug\src\ringbuffer.o
                0x08003360                RingBufferWrite
 .text.disk_initialize
                0x080033a4       0x84 obj\debug\src\fatfs\diskio.o
                0x080033a4                disk_initialize
 .text.disk_status
                0x08003428       0x84 obj\debug\src\fatfs\diskio.o
                0x08003428                disk_status
 .text.disk_read
                0x080034ac       0xa0 obj\debug\src\fatfs\diskio.o
                0x080034ac                disk_read
 .text.disk_write
                0x0800354c       0xa0 obj\debug\src\fatfs\diskio.o
                0x0800354c                disk_write
 .text.get_fattime
                0x080035ec       0x14 obj\debug\src\fatfs\diskio.o
                0x080035ec                get_fattime
 .text.disk_ioctl
                0x08003600       0x9c obj\debug\src\fatfs\diskio.o
                0x08003600                disk_ioctl
 .text.mem_cpy  0x0800369c       0x50 obj\debug\src\fatfs\ff.o
 .text.mem_set  0x080036ec       0x44 obj\debug\src\fatfs\ff.o
 .text.mem_cmp  0x08003730       0x70 obj\debug\src\fatfs\ff.o
 .text.chk_chr  0x080037a0       0x38 obj\debug\src\fatfs\ff.o
 .text.sync_window
                0x080037d8       0xa4 obj\debug\src\fatfs\ff.o
 .text.move_window
                0x0800387c       0x60 obj\debug\src\fatfs\ff.o
 .text.sync_fs  0x080038dc      0x17c obj\debug\src\fatfs\ff.o
 .text.clust2sect
                0x08003a58       0x44 obj\debug\src\fatfs\ff.o
                0x08003a58                clust2sect
 .text.get_fat  0x08003a9c      0x1a4 obj\debug\src\fatfs\ff.o
                0x08003a9c                get_fat
 .text.put_fat  0x08003c40      0x268 obj\debug\src\fatfs\ff.o
                0x08003c40                put_fat
 .text.remove_chain
                0x08003ea8       0xb0 obj\debug\src\fatfs\ff.o
 .text.create_chain
                0x08003f58      0x12c obj\debug\src\fatfs\ff.o
 .text.dir_sdi  0x08004084      0x11c obj\debug\src\fatfs\ff.o
 .text.dir_next
                0x080041a0      0x1d8 obj\debug\src\fatfs\ff.o
 .text.dir_alloc
                0x08004378       0x90 obj\debug\src\fatfs\ff.o
 .text.ld_clust
                0x08004408       0x64 obj\debug\src\fatfs\ff.o
 .text.st_clust
                0x0800446c       0x5c obj\debug\src\fatfs\ff.o
 .text.dir_find
                0x080044c8       0xa4 obj\debug\src\fatfs\ff.o
 .text.dir_register
                0x0800456c       0x74 obj\debug\src\fatfs\ff.o
 .text.create_name
                0x080045e0      0x1b8 obj\debug\src\fatfs\ff.o
 .text.follow_path
                0x08004798       0xe4 obj\debug\src\fatfs\ff.o
 .text.check_fs
                0x0800487c       0xe8 obj\debug\src\fatfs\ff.o
 .text.chk_mounted
                0x08004964      0x60c obj\debug\src\fatfs\ff.o
 .text.validate
                0x08004f70       0x64 obj\debug\src\fatfs\ff.o
 .text.f_mount  0x08004fd4       0x64 obj\debug\src\fatfs\ff.o
                0x08004fd4                f_mount
 .text.f_open   0x08005038      0x2d0 obj\debug\src\fatfs\ff.o
                0x08005038                f_open
 .text.f_write  0x08005308      0x34c obj\debug\src\fatfs\ff.o
                0x08005308                f_write
 .text.f_sync   0x08005654      0x188 obj\debug\src\fatfs\ff.o
                0x08005654                f_sync
 .text.f_close  0x080057dc       0x2c obj\debug\src\fatfs\ff.o
                0x080057dc                f_close
 .text.f_lseek  0x08005808      0x2d8 obj\debug\src\fatfs\ff.o
                0x08005808                f_lseek
 .text.f_getfree
                0x08005ae0      0x1c4 obj\debug\src\fatfs\ff.o
                0x08005ae0                f_getfree
 .text.f_putc   0x08005ca4       0x54 obj\debug\src\fatfs\ff.o
                0x08005ca4                f_putc
 .text.f_puts   0x08005cf8       0x50 obj\debug\src\fatfs\ff.o
                0x08005cf8                f_puts
 .text.UB_ATADrive_Init
                0x08005d48        0xc obj\debug\src\fatfs\lo_level_ub\stm32_ub_atadrive.o
                0x08005d48                UB_ATADrive_Init
 .text.ATA_disk_initialize
                0x08005d54       0x1c obj\debug\src\fatfs\lo_level_ub\stm32_ub_atadrive.o
                0x08005d54                ATA_disk_initialize
 .text.ATA_disk_status
                0x08005d70       0x1c obj\debug\src\fatfs\lo_level_ub\stm32_ub_atadrive.o
                0x08005d70                ATA_disk_status
 .text.ATA_disk_read
                0x08005d8c       0x24 obj\debug\src\fatfs\lo_level_ub\stm32_ub_atadrive.o
                0x08005d8c                ATA_disk_read
 .text.ATA_disk_write
                0x08005db0       0x24 obj\debug\src\fatfs\lo_level_ub\stm32_ub_atadrive.o
                0x08005db0                ATA_disk_write
 .text.ATA_disk_ioctl
                0x08005dd4       0x20 obj\debug\src\fatfs\lo_level_ub\stm32_ub_atadrive.o
                0x08005dd4                ATA_disk_ioctl
 .text.UB_SDCard_Init
                0x08005df4       0x10 obj\debug\src\fatfs\lo_level_ub\stm32_ub_sdcard.o
                0x08005df4                UB_SDCard_Init
 .text.UB_SDCard_CheckMedia
                0x08005e04       0x24 obj\debug\src\fatfs\lo_level_ub\stm32_ub_sdcard.o
                0x08005e04                UB_SDCard_CheckMedia
 .text.MMC_disk_initialize
                0x08005e28       0x3c obj\debug\src\fatfs\lo_level_ub\stm32_ub_sdcard.o
                0x08005e28                MMC_disk_initialize
 .text.MMC_disk_status
                0x08005e64       0x34 obj\debug\src\fatfs\lo_level_ub\stm32_ub_sdcard.o
                0x08005e64                MMC_disk_status
 .text.MMC_disk_read
                0x08005e98       0x6c obj\debug\src\fatfs\lo_level_ub\stm32_ub_sdcard.o
                0x08005e98                MMC_disk_read
 .text.MMC_disk_write
                0x08005f04       0x6c obj\debug\src\fatfs\lo_level_ub\stm32_ub_sdcard.o
                0x08005f04                MMC_disk_write
 .text.MMC_disk_ioctl
                0x08005f70       0x84 obj\debug\src\fatfs\lo_level_ub\stm32_ub_sdcard.o
                0x08005f70                MMC_disk_ioctl
 .text.NVIC_Configuration
                0x08005ff4       0x50 obj\debug\src\fatfs\lo_level_ub\stm32_ub_sdcard.o
 .text.SD_Init  0x08006044       0xfc obj\debug\src\fatfs\lo_level_ub\stm32_ub_sdcard.o
                0x08006044                SD_Init
 .text.SD_GetStatus
                0x08006140       0x3c obj\debug\src\fatfs\lo_level_ub\stm32_ub_sdcard.o
                0x08006140                SD_GetStatus
 .text.SD_GetState
                0x0800617c       0x4c obj\debug\src\fatfs\lo_level_ub\stm32_ub_sdcard.o
                0x0800617c                SD_GetState
 .text.SD_Detect
                0x080061c8       0x38 obj\debug\src\fatfs\lo_level_ub\stm32_ub_sdcard.o
                0x080061c8                SD_Detect
 .text.SD_PowerON
                0x08006200      0x38c obj\debug\src\fatfs\lo_level_ub\stm32_ub_sdcard.o
                0x08006200                SD_PowerON
 .text.SD_InitializeCards
                0x0800658c      0x274 obj\debug\src\fatfs\lo_level_ub\stm32_ub_sdcard.o
                0x0800658c                SD_InitializeCards
 .text.SD_GetCardInfo
                0x08006800      0x73c obj\debug\src\fatfs\lo_level_ub\stm32_ub_sdcard.o
                0x08006800                SD_GetCardInfo
 .text.SD_EnableWideBusOperation
                0x08006f3c      0x15c obj\debug\src\fatfs\lo_level_ub\stm32_ub_sdcard.o
                0x08006f3c                SD_EnableWideBusOperation
 .text.SD_SelectDeselect
                0x08007098       0x78 obj\debug\src\fatfs\lo_level_ub\stm32_ub_sdcard.o
                0x08007098                SD_SelectDeselect
 .text.SD_ReadMultiBlocks
                0x08007110      0x1d4 obj\debug\src\fatfs\lo_level_ub\stm32_ub_sdcard.o
                0x08007110                SD_ReadMultiBlocks
 .text.SD_WaitReadOperation
                0x080072e4       0xec obj\debug\src\fatfs\lo_level_ub\stm32_ub_sdcard.o
                0x080072e4                SD_WaitReadOperation
 .text.SD_WriteMultiBlocks
                0x080073d0      0x2ac obj\debug\src\fatfs\lo_level_ub\stm32_ub_sdcard.o
                0x080073d0                SD_WriteMultiBlocks
 .text.SD_WaitWriteOperation
                0x0800767c       0xec obj\debug\src\fatfs\lo_level_ub\stm32_ub_sdcard.o
                0x0800767c                SD_WaitWriteOperation
 .text.SD_StopTransfer
                0x08007768       0x78 obj\debug\src\fatfs\lo_level_ub\stm32_ub_sdcard.o
                0x08007768                SD_StopTransfer
 .text.SD_SendStatus
                0x080077e0       0xac obj\debug\src\fatfs\lo_level_ub\stm32_ub_sdcard.o
                0x080077e0                SD_SendStatus
 .text.SD_ProcessIRQSrc
                0x0800788c      0x110 obj\debug\src\fatfs\lo_level_ub\stm32_ub_sdcard.o
                0x0800788c                SD_ProcessIRQSrc
 .text.SD_ProcessDMAIRQ
                0x0800799c       0x38 obj\debug\src\fatfs\lo_level_ub\stm32_ub_sdcard.o
                0x0800799c                SD_ProcessDMAIRQ
 .text.CmdError
                0x080079d4       0x54 obj\debug\src\fatfs\lo_level_ub\stm32_ub_sdcard.o
 .text.CmdResp7Error
                0x08007a28       0x90 obj\debug\src\fatfs\lo_level_ub\stm32_ub_sdcard.o
 .text.CmdResp1Error
                0x08007ab8      0x1e0 obj\debug\src\fatfs\lo_level_ub\stm32_ub_sdcard.o
 .text.CmdResp3Error
                0x08007c98       0x60 obj\debug\src\fatfs\lo_level_ub\stm32_ub_sdcard.o
 .text.CmdResp2Error
                0x08007cf8       0x7c obj\debug\src\fatfs\lo_level_ub\stm32_ub_sdcard.o
 .text.CmdResp6Error
                0x08007d74       0xec obj\debug\src\fatfs\lo_level_ub\stm32_ub_sdcard.o
 .text.SDEnWideBus
                0x08007e60      0x250 obj\debug\src\fatfs\lo_level_ub\stm32_ub_sdcard.o
 .text.FindSCR  0x080080b0      0x2f4 obj\debug\src\fatfs\lo_level_ub\stm32_ub_sdcard.o
 .text.SD_LowLevel_Init
                0x080083a4      0x12c obj\debug\src\fatfs\lo_level_ub\stm32_ub_sdcard.o
                0x080083a4                SD_LowLevel_Init
 .text.SD_LowLevel_DMA_TxConfig
                0x080084d0       0xe0 obj\debug\src\fatfs\lo_level_ub\stm32_ub_sdcard.o
                0x080084d0                SD_LowLevel_DMA_TxConfig
 .text.SD_LowLevel_DMA_RxConfig
                0x080085b0       0xe0 obj\debug\src\fatfs\lo_level_ub\stm32_ub_sdcard.o
                0x080085b0                SD_LowLevel_DMA_RxConfig
 .text.SDIO_IRQHandler
                0x08008690        0xc obj\debug\src\fatfs\lo_level_ub\stm32_ub_sdcard.o
                0x08008690                SDIO_IRQHandler
 .text.DMA2_Stream3_IRQHandler
                0x0800869c        0xc obj\debug\src\fatfs\lo_level_ub\stm32_ub_sdcard.o
                0x0800869c                DMA2_Stream3_IRQHandler
 .text.UB_USBDisk_Init
                0x080086a8        0xc obj\debug\src\fatfs\lo_level_ub\stm32_ub_usbdisk.o
                0x080086a8                UB_USBDisk_Init
 .text.USB_disk_initialize
                0x080086b4       0x1c obj\debug\src\fatfs\lo_level_ub\stm32_ub_usbdisk.o
                0x080086b4                USB_disk_initialize
 .text.USB_disk_status
                0x080086d0       0x1c obj\debug\src\fatfs\lo_level_ub\stm32_ub_usbdisk.o
                0x080086d0                USB_disk_status
 .text.USB_disk_read
                0x080086ec       0x24 obj\debug\src\fatfs\lo_level_ub\stm32_ub_usbdisk.o
                0x080086ec                USB_disk_read
 .text.USB_disk_write
                0x08008710       0x24 obj\debug\src\fatfs\lo_level_ub\stm32_ub_usbdisk.o
                0x08008710                USB_disk_write
 .text.USB_disk_ioctl
                0x08008734       0x20 obj\debug\src\fatfs\lo_level_ub\stm32_ub_usbdisk.o
                0x08008734                USB_disk_ioctl
 .text.GPS_Init
                0x08008754      0x108 obj\debug\src\gps.o
                0x08008754                GPS_Init
 .text.GPS_UART_Capture
                0x0800885c       0x8c obj\debug\src\gps.o
                0x0800885c                GPS_UART_Capture
 .text.GPS_Decode
                0x080088e8      0x180 obj\debug\src\gps.o
                0x080088e8                GPS_Decode
 .text.GPS_GetPosition
                0x08008a68       0x54 obj\debug\src\gps.o
                0x08008a68                GPS_GetPosition
 .text.USART6_IRQHandler
                0x08008abc       0x4c obj\debug\src\gps.o
                0x08008abc                USART6_IRQHandler
 .text.i2c_init_tmp
                0x08008b08       0xcc obj\debug\src\i2c.o
                0x08008b08                i2c_init_tmp
 .text.UB_I2C_Read
                0x08008bd4      0x168 obj\debug\src\i2c.o
                0x08008bd4                UB_I2C_Read
 .text.UB_I2C_ReadByte
                0x08008d3c      0x238 obj\debug\src\i2c.o
                0x08008d3c                UB_I2C_ReadByte
 .text.UB_I2C_ReadWord
                0x08008f74      0x24c obj\debug\src\i2c.o
                0x08008f74                UB_I2C_ReadWord
 .text.UB_I2C_Read24b
                0x080091c0      0x1b4 obj\debug\src\i2c.o
                0x080091c0                UB_I2C_Read24b
 .text.UB_I2C_WriteByte
                0x08009374      0x194 obj\debug\src\i2c.o
                0x08009374                UB_I2C_WriteByte
 .text.UB_I2C_WriteCommand
                0x08009508      0x154 obj\debug\src\i2c.o
                0x08009508                UB_I2C_WriteCommand
 .text.P_I2C_timeout
                0x0800965c       0x20 obj\debug\src\i2c.o
                0x0800965c                P_I2C_timeout
 .text.NVIC_SetPriority
                0x0800967c       0x5c obj\debug\src\main.o
 .text.SysTick_Config
                0x080096d8       0x64 obj\debug\src\main.o
 .text.main     0x0800973c      0x798 obj\debug\src\main.o
                0x0800973c                main
 .text.SysTick_Handler
                0x08009ed4       0x24 obj\debug\src\main.o
                0x08009ed4                SysTick_Handler
 .text.SD_add_string
                0x08009ef8       0x70 obj\debug\src\main.o
                0x08009ef8                SD_add_string
 .text.HardFault_Handler
                0x08009f68        0x8 obj\debug\src\main.o
                0x08009f68                HardFault_Handler
 .text          0x08009f70      0x104 obj\debug\src\startup_stm32f2xx.o
                0x08009f70                Reset_Handler
                0x08009fb6                NMI_Handler
                0x08009fba                MemManage_Handler
                0x08009fbc                BusFault_Handler
                0x08009fbe                UsageFault_Handler
                0x08009fc0                SVC_Handler
                0x08009fc2                DebugMon_Handler
                0x08009fc4                PendSV_Handler
                0x08009fc8                Default_Handler
                0x08009fca                WWDG_IRQHandler
                0x08009fcc                PVD_IRQHandler
                0x08009fce                TAMP_STAMP_IRQHandler
                0x08009fd0                RTC_WKUP_IRQHandler
                0x08009fd2                FLASH_IRQHandler
                0x08009fd4                RCC_IRQHandler
                0x08009fd6                EXTI0_IRQHandler
                0x08009fd8                EXTI1_IRQHandler
                0x08009fda                EXTI2_IRQHandler
                0x08009fdc                EXTI3_IRQHandler
                0x08009fde                EXTI4_IRQHandler
                0x08009fe0                DMA1_Stream0_IRQHandler
                0x08009fe2                DMA1_Stream1_IRQHandler
                0x08009fe4                DMA1_Stream2_IRQHandler
                0x08009fe6                DMA1_Stream3_IRQHandler
                0x08009fe8                DMA1_Stream4_IRQHandler
                0x08009fea                DMA1_Stream5_IRQHandler
                0x08009fec                DMA1_Stream6_IRQHandler
                0x08009fee                ADC_IRQHandler
                0x08009ff0                CAN1_TX_IRQHandler
                0x08009ff2                CAN1_RX0_IRQHandler
                0x08009ff4                CAN1_RX1_IRQHandler
                0x08009ff6                CAN1_SCE_IRQHandler
                0x08009ff8                EXTI9_5_IRQHandler
                0x08009ffa                TIM1_BRK_TIM9_IRQHandler
                0x08009ffc                TIM1_UP_TIM10_IRQHandler
                0x08009ffe                TIM1_TRG_COM_TIM11_IRQHandler
                0x0800a000                TIM1_CC_IRQHandler
                0x0800a002                TIM2_IRQHandler
                0x0800a004                TIM3_IRQHandler
                0x0800a006                TIM4_IRQHandler
                0x0800a008                I2C1_EV_IRQHandler
                0x0800a00a                I2C1_ER_IRQHandler
                0x0800a00c                I2C2_EV_IRQHandler
                0x0800a00e                I2C2_ER_IRQHandler
                0x0800a010                SPI1_IRQHandler
                0x0800a012                SPI2_IRQHandler
                0x0800a016                USART2_IRQHandler
                0x0800a018                USART3_IRQHandler
                0x0800a01a                EXTI15_10_IRQHandler
                0x0800a01c                RTC_Alarm_IRQHandler
                0x0800a01e                OTG_FS_WKUP_IRQHandler
                0x0800a020                TIM8_BRK_TIM12_IRQHandler
                0x0800a022                TIM8_UP_TIM13_IRQHandler
                0x0800a024                TIM8_TRG_COM_TIM14_IRQHandler
                0x0800a026                TIM8_CC_IRQHandler
                0x0800a028                DMA1_Stream7_IRQHandler
                0x0800a02a                FSMC_IRQHandler
                0x0800a02e                TIM5_IRQHandler
                0x0800a030                SPI3_IRQHandler
                0x0800a032                UART4_IRQHandler
                0x0800a034                UART5_IRQHandler
                0x0800a036                TIM6_DAC_IRQHandler
                0x0800a03a                DMA2_Stream0_IRQHandler
                0x0800a03c                DMA2_Stream1_IRQHandler
                0x0800a03e                DMA2_Stream2_IRQHandler
                0x0800a042                DMA2_Stream4_IRQHandler
                0x0800a044                ETH_IRQHandler
                0x0800a046                ETH_WKUP_IRQHandler
                0x0800a048                CAN2_TX_IRQHandler
                0x0800a04a                CAN2_RX0_IRQHandler
                0x0800a04c                CAN2_RX1_IRQHandler
                0x0800a04e                CAN2_SCE_IRQHandler
                0x0800a050                OTG_FS_IRQHandler
                0x0800a052                DMA2_Stream5_IRQHandler
                0x0800a054                DMA2_Stream6_IRQHandler
                0x0800a056                DMA2_Stream7_IRQHandler
                0x0800a05a                I2C3_EV_IRQHandler
                0x0800a05c                I2C3_ER_IRQHandler
                0x0800a05e                OTG_HS_EP1_OUT_IRQHandler
                0x0800a060                OTG_HS_EP1_IN_IRQHandler
                0x0800a062                OTG_HS_WKUP_IRQHandler
                0x0800a064                OTG_HS_IRQHandler
                0x0800a066                DCMI_IRQHandler
                0x0800a068                CRYP_IRQHandler
                0x0800a06a                HASH_RNG_IRQHandler
 .text.UB_Fatfs_Init
                0x0800a074       0x14 obj\debug\src\stm32_ub_fatfs.o
                0x0800a074                UB_Fatfs_Init
 .text.UB_Fatfs_CheckMedia
                0x0800a088       0x44 obj\debug\src\stm32_ub_fatfs.o
                0x0800a088                UB_Fatfs_CheckMedia
 .text.UB_Fatfs_Mount
                0x0800a0cc       0x80 obj\debug\src\stm32_ub_fatfs.o
                0x0800a0cc                UB_Fatfs_Mount
 .text.UB_Fatfs_UnMount
                0x0800a14c       0x4c obj\debug\src\stm32_ub_fatfs.o
                0x0800a14c                UB_Fatfs_UnMount
 .text.UB_Fatfs_OpenFile
                0x0800a198       0xbc obj\debug\src\stm32_ub_fatfs.o
                0x0800a198                UB_Fatfs_OpenFile
 .text.UB_Fatfs_CloseFile
                0x0800a254       0x40 obj\debug\src\stm32_ub_fatfs.o
                0x0800a254                UB_Fatfs_CloseFile
 .text.UB_Fatfs_WriteString
                0x0800a294       0x4c obj\debug\src\stm32_ub_fatfs.o
                0x0800a294                UB_Fatfs_WriteString
 .text.SystemInit
                0x0800a2e0       0x94 obj\debug\src\system_stm32f2xx.o
                0x0800a2e0                SystemInit
 .text.SetSysClock
                0x0800a374       0x94 obj\debug\src\system_stm32f2xx.o
 .text.usart_init
                0x0800a408      0x108 obj\debug\src\usart.o
                0x0800a408                usart_init
 .text.usart_send_char
                0x0800a510       0x3c obj\debug\src\usart.o
                0x0800a510                usart_send_char
 .text.usart_send_string
                0x0800a54c       0x2c obj\debug\src\usart.o
                0x0800a54c                usart_send_string
 .text.USART1_IRQHandler
                0x0800a578       0x48 obj\debug\src\usart.o
                0x0800a578                USART1_IRQHandler
 .text.watchdog_init
                0x0800a5c0       0x54 obj\debug\src\watchdog.o
                0x0800a5c0                watchdog_init
 .text.watchdog_trigger
                0x0800a614        0xc obj\debug\src\watchdog.o
                0x0800a614                watchdog_trigger
 .text.atoi     0x0800a620        0x8 c:/program files (x86)/emblocks/2.30/share/em_armgcc/bin/../lib/gcc/arm-none-eabi/4.7.3/../../../../arm-none-eabi/lib/armv7-m\libc_n.a(lib_a-atoi.o)
                0x0800a620                atoi
 .text.exit     0x0800a628       0x28 c:/program files (x86)/emblocks/2.30/share/em_armgcc/bin/../lib/gcc/arm-none-eabi/4.7.3/../../../../arm-none-eabi/lib/armv7-m\libc_n.a(lib_a-exit.o)
                0x0800a628                exit
 .text.__libc_init_array
                0x0800a650       0x4c c:/program files (x86)/emblocks/2.30/share/em_armgcc/bin/../lib/gcc/arm-none-eabi/4.7.3/../../../../arm-none-eabi/lib/armv7-m\libc_n.a(lib_a-init.o)
                0x0800a650                __libc_init_array
 .text.memset   0x0800a69c       0x10 c:/program files (x86)/emblocks/2.30/share/em_armgcc/bin/../lib/gcc/arm-none-eabi/4.7.3/../../../../arm-none-eabi/lib/armv7-m\libc_n.a(lib_a-memset.o)
                0x0800a69c                memset
 .text.snprintf
                0x0800a6ac       0x64 c:/program files (x86)/emblocks/2.30/share/em_armgcc/bin/../lib/gcc/arm-none-eabi/4.7.3/../../../../arm-none-eabi/lib/armv7-m\libc_n.a(lib_a-snprintf.o)
                0x0800a6ac                sniprintf
                0x0800a6ac                snprintf
 .text.strlen   0x0800a710       0x10 c:/program files (x86)/emblocks/2.30/share/em_armgcc/bin/../lib/gcc/arm-none-eabi/4.7.3/../../../../arm-none-eabi/lib/armv7-m\libc_n.a(lib_a-strlen.o)
                0x0800a710                strlen
 .text.strncat  0x0800a720       0x2c c:/program files (x86)/emblocks/2.30/share/em_armgcc/bin/../lib/gcc/arm-none-eabi/4.7.3/../../../../arm-none-eabi/lib/armv7-m\libc_n.a(lib_a-strncat.o)
                0x0800a720                strncat
 .text.strncmp  0x0800a74c       0x32 c:/program files (x86)/emblocks/2.30/share/em_armgcc/bin/../lib/gcc/arm-none-eabi/4.7.3/../../../../arm-none-eabi/lib/armv7-m\libc_n.a(lib_a-strncmp.o)
                0x0800a74c                strncmp
 .text.strncpy  0x0800a77e       0x2e c:/program files (x86)/emblocks/2.30/share/em_armgcc/bin/../lib/gcc/arm-none-eabi/4.7.3/../../../../arm-none-eabi/lib/armv7-m\libc_n.a(lib_a-strncpy.o)
                0x0800a77e                strncpy
 .text.strtok   0x0800a7ac       0x64 c:/program files (x86)/emblocks/2.30/share/em_armgcc/bin/../lib/gcc/arm-none-eabi/4.7.3/../../../../arm-none-eabi/lib/armv7-m\libc_n.a(lib_a-strtok.o)
                0x0800a7ac                strtok
 .text.__strtok_r
                0x0800a810       0x62 c:/program files (x86)/emblocks/2.30/share/em_armgcc/bin/../lib/gcc/arm-none-eabi/4.7.3/../../../../arm-none-eabi/lib/armv7-m\libc_n.a(lib_a-strtok_r.o)
                0x0800a810                __strtok_r
 *fill*         0x0800a872        0x2 
 .text._strtol_r
                0x0800a874      0x110 c:/program files (x86)/emblocks/2.30/share/em_armgcc/bin/../lib/gcc/arm-none-eabi/4.7.3/../../../../arm-none-eabi/lib/armv7-m\libc_n.a(lib_a-strtol.o)
                0x0800a874                _strtol_r
 .text.strtol   0x0800a984       0x1c c:/program files (x86)/emblocks/2.30/share/em_armgcc/bin/../lib/gcc/arm-none-eabi/4.7.3/../../../../arm-none-eabi/lib/armv7-m\libc_n.a(lib_a-strtol.o)
                0x0800a984                strtol
 .text.__ssputs_r
                0x0800a9a0       0xc0 c:/program files (x86)/emblocks/2.30/share/em_armgcc/bin/../lib/gcc/arm-none-eabi/4.7.3/../../../../arm-none-eabi/lib/armv7-m\libc_n.a(lib_a-svfprintf.o)
                0x0800a9a0                __ssputs_r
 .text._svfprintf_r
                0x0800aa60      0x1f0 c:/program files (x86)/emblocks/2.30/share/em_armgcc/bin/../lib/gcc/arm-none-eabi/4.7.3/../../../../arm-none-eabi/lib/armv7-m\libc_n.a(lib_a-svfprintf.o)
                0x0800aa60                _svfiprintf_r
                0x0800aa60                _svfprintf_r
 .text._printf_common
                0x0800ac50       0xe4 c:/program files (x86)/emblocks/2.30/share/em_armgcc/bin/../lib/gcc/arm-none-eabi/4.7.3/../../../../arm-none-eabi/lib/armv7-m\libc_n.a(lib_a-vfprintf_i.o)
                0x0800ac50                _printf_common
 .text._printf_i
                0x0800ad34      0x24c c:/program files (x86)/emblocks/2.30/share/em_armgcc/bin/../lib/gcc/arm-none-eabi/4.7.3/../../../../arm-none-eabi/lib/armv7-m\libc_n.a(lib_a-vfprintf_i.o)
                0x0800ad34                _printf_i
 .text.malloc   0x0800af80       0x10 c:/program files (x86)/emblocks/2.30/share/em_armgcc/bin/../lib/gcc/arm-none-eabi/4.7.3/../../../../arm-none-eabi/lib/armv7-m\libc_n.a(lib_a-malloc.o)
                0x0800af80                malloc
 .text.memchr   0x0800af90       0x1c c:/program files (x86)/emblocks/2.30/share/em_armgcc/bin/../lib/gcc/arm-none-eabi/4.7.3/../../../../arm-none-eabi/lib/armv7-m\libc_n.a(lib_a-memchr-stub.o)
                0x0800af90                memchr
 .text.memcpy   0x0800afac       0x12 c:/program files (x86)/emblocks/2.30/share/em_armgcc/bin/../lib/gcc/arm-none-eabi/4.7.3/../../../../arm-none-eabi/lib/armv7-m\libc_n.a(lib_a-memcpy-stub.o)
                0x0800afac                memcpy
 .text.memmove  0x0800afbe       0x32 c:/program files (x86)/emblocks/2.30/share/em_armgcc/bin/../lib/gcc/arm-none-eabi/4.7.3/../../../../arm-none-eabi/lib/armv7-m\libc_n.a(lib_a-memmove.o)
                0x0800afbe                memmove
 .text._free_r  0x0800aff0       0x84 c:/program files (x86)/emblocks/2.30/share/em_armgcc/bin/../lib/gcc/arm-none-eabi/4.7.3/../../../../arm-none-eabi/lib/armv7-m\libc_n.a(lib_a-nano-freer.o)
                0x0800aff0                _free_r
 .text._malloc_r
                0x0800b074       0xb4 c:/program files (x86)/emblocks/2.30/share/em_armgcc/bin/../lib/gcc/arm-none-eabi/4.7.3/../../../../arm-none-eabi/lib/armv7-m\libc_n.a(lib_a-nano-mallocr.o)
                0x0800b074                _malloc_r
 .text._realloc_r
                0x0800b128       0x48 c:/program files (x86)/emblocks/2.30/share/em_armgcc/bin/../lib/gcc/arm-none-eabi/4.7.3/../../../../arm-none-eabi/lib/armv7-m\libc_n.a(lib_a-nano-reallocr.o)
                0x0800b128                _realloc_r
 .text._sbrk_r  0x0800b170       0x20 c:/program files (x86)/emblocks/2.30/share/em_armgcc/bin/../lib/gcc/arm-none-eabi/4.7.3/../../../../arm-none-eabi/lib/armv7-m\libc_n.a(lib_a-sbrkr.o)
                0x0800b170                _sbrk_r
 .text._malloc_usable_size_r
                0x0800b190       0x12 c:/program files (x86)/emblocks/2.30/share/em_armgcc/bin/../lib/gcc/arm-none-eabi/4.7.3/../../../../arm-none-eabi/lib/armv7-m\libc_n.a(lib_a-nano-msizer.o)
                0x0800b190                _malloc_usable_size_r
 *fill*         0x0800b1a2        0x2 
 .text._sbrk    0x0800b1a4       0x34 c:/program files (x86)/emblocks/2.30/share/em_armgcc/bin/../lib/gcc/arm-none-eabi/4.7.3/../../../../arm-none-eabi/lib/armv7-m\libnosys.a(sbrk.o)
                0x0800b1a4                _sbrk
 .text._exit    0x0800b1d8        0x4 c:/program files (x86)/emblocks/2.30/share/em_armgcc/bin/../lib/gcc/arm-none-eabi/4.7.3/../../../../arm-none-eabi/lib/armv7-m\libnosys.a(_exit.o)
                0x0800b1d8                _exit
 *(.init)
 .init          0x0800b1dc        0x4 c:/program files (x86)/emblocks/2.30/share/em_armgcc/bin/../lib/gcc/arm-none-eabi/4.7.3/armv7-m/crti.o
                0x0800b1dc                _init
 .init          0x0800b1e0        0x8 c:/program files (x86)/emblocks/2.30/share/em_armgcc/bin/../lib/gcc/arm-none-eabi/4.7.3/armv7-m/crtn.o
 *(.fini)
 .fini          0x0800b1e8        0x4 c:/program files (x86)/emblocks/2.30/share/em_armgcc/bin/../lib/gcc/arm-none-eabi/4.7.3/armv7-m/crti.o
                0x0800b1e8                _fini
 .fini          0x0800b1ec        0x8 c:/program files (x86)/emblocks/2.30/share/em_armgcc/bin/../lib/gcc/arm-none-eabi/4.7.3/armv7-m/crtn.o
 *crtbegin.o(.ctors)
 *crtbegin?.o(.ctors)
 *(EXCLUDE_FILE(*crtend.o *crtend?.o) .ctors)
 *(SORT(.ctors.*))
 *(.ctors)
 *crtbegin.o(.dtors)
 *crtbegin?.o(.dtors)
 *(EXCLUDE_FILE(*crtend.o *crtend?.o) .dtors)
 *(SORT(.dtors.*))
 *(.dtors)
 *(.rodata*)
 .rodata.num_of_startbytes
                0x0800b1f4        0x1 obj\debug\src\ax25.o
 *fill*         0x0800b1f5        0x3 
 .rodata.sine_table
                0x0800b1f8      0x5c4 obj\debug\src\sine_table.o
                0x0800b1f8                sine_table
 .rodata.ExCvt  0x0800b7bc       0x80 obj\debug\src\fatfs\ff.o
 .rodata        0x0800b83c       0x10 obj\debug\src\fatfs\ff.o
 .rodata        0x0800b84c        0xc obj\debug\src\gps.o
 .rodata        0x0800b858       0x70 obj\debug\src\main.o
 .rodata        0x0800b8c8        0x4 obj\debug\src\stm32_ub_fatfs.o
 .rodata.str1.1
                0x0800b8cc        0x2 c:/program files (x86)/emblocks/2.30/share/em_armgcc/bin/../lib/gcc/arm-none-eabi/4.7.3/../../../../arm-none-eabi/lib/armv7-m\libc_n.a(lib_a-impure.o)
 *fill*         0x0800b8ce        0x2 
 .rodata._global_impure_ptr
                0x0800b8d0        0x4 c:/program files (x86)/emblocks/2.30/share/em_armgcc/bin/../lib/gcc/arm-none-eabi/4.7.3/../../../../arm-none-eabi/lib/armv7-m\libc_n.a(lib_a-impure.o)
                0x0800b8d0                _global_impure_ptr
 .rodata.str1.1
                0x0800b8d4       0x11 c:/program files (x86)/emblocks/2.30/share/em_armgcc/bin/../lib/gcc/arm-none-eabi/4.7.3/../../../../arm-none-eabi/lib/armv7-m\libc_n.a(lib_a-svfprintf.o)
 .rodata.str1.1
                0x0800b8e5       0x22 c:/program files (x86)/emblocks/2.30/share/em_armgcc/bin/../lib/gcc/arm-none-eabi/4.7.3/../../../../arm-none-eabi/lib/armv7-m\libc_n.a(lib_a-vfprintf_i.o)
 .rodata._ctype_
                0x0800b907      0x101 c:/program files (x86)/emblocks/2.30/share/em_armgcc/bin/../lib/gcc/arm-none-eabi/4.7.3/../../../../arm-none-eabi/lib/armv7-m\libc_n.a(lib_a-ctype_.o)
                0x0800b907                _ctype_
 *(.eh_frame*)
 .eh_frame      0x0800ba08        0x0 c:/program files (x86)/emblocks/2.30/share/em_armgcc/bin/../lib/gcc/arm-none-eabi/4.7.3/armv7-m/crtbegin.o
 .eh_frame      0x0800ba08        0x4 c:/program files (x86)/emblocks/2.30/share/em_armgcc/bin/../lib/gcc/arm-none-eabi/4.7.3/armv7-m/crtend.o

.glue_7         0x0800ba0c        0x0
 .glue_7        0x00000000        0x0 linker stubs

.glue_7t        0x0800ba0c        0x0
 .glue_7t       0x00000000        0x0 linker stubs

.vfp11_veneer   0x0800ba0c        0x0
 .vfp11_veneer  0x00000000        0x0 linker stubs

.v4_bx          0x0800ba0c        0x0
 .v4_bx         0x00000000        0x0 linker stubs

.iplt           0x0800ba0c        0x0
 .iplt          0x00000000        0x0 c:/program files (x86)/emblocks/2.30/share/em_armgcc/bin/../lib/gcc/arm-none-eabi/4.7.3/armv7-m/crtbegin.o

.ARM.extab
 *(.ARM.extab* .gnu.linkonce.armextab.*)
                0x0800ba0c                __exidx_start = .

.ARM.exidx      0x0800ba0c        0x8
 *(.ARM.exidx* .gnu.linkonce.armexidx.*)
 .ARM.exidx     0x0800ba0c        0x8 c:/program files (x86)/emblocks/2.30/share/em_armgcc/bin/../lib/gcc/arm-none-eabi/4.7.3/../../../../arm-none-eabi/lib/armv7-m/crt0.o
                0x0800ba14                __exidx_end = .
                0x0800ba14                __etext = .

.rel.dyn        0x0800ba14        0x0
 .rel.iplt      0x00000000        0x0 c:/program files (x86)/emblocks/2.30/share/em_armgcc/bin/../lib/gcc/arm-none-eabi/4.7.3/armv7-m/crtbegin.o

.data           0x20000000      0x150 load address 0x0800ba14
                0x20000000                __data_start__ = .
 *(vtable)
 *(.data*)
 .data.APBAHBPrescTable
                0x20000000       0x10 obj\debug\spl\src\stm32f2xx_rcc.o
 .data.txString_length
                0x20000010        0x1 obj\debug\src\ax25.o
 *fill*         0x20000011        0x3 
 .data.txString
                0x20000014       0xc8 obj\debug\src\ax25.o
 .data.timeout  0x200000dc        0x4 obj\debug\src\main.o
 .data.impure_data
                0x200000e0       0x60 c:/program files (x86)/emblocks/2.30/share/em_armgcc/bin/../lib/gcc/arm-none-eabi/4.7.3/../../../../arm-none-eabi/lib/armv7-m\libc_n.a(lib_a-impure.o)
 .data._impure_ptr
                0x20000140        0x4 c:/program files (x86)/emblocks/2.30/share/em_armgcc/bin/../lib/gcc/arm-none-eabi/4.7.3/../../../../arm-none-eabi/lib/armv7-m\libc_n.a(lib_a-impure.o)
                0x20000140                _impure_ptr
 .data.__ctype_ptr__
                0x20000144        0x4 c:/program files (x86)/emblocks/2.30/share/em_armgcc/bin/../lib/gcc/arm-none-eabi/4.7.3/../../../../arm-none-eabi/lib/armv7-m\libc_n.a(lib_a-ctype_.o)
                0x20000144                __ctype_ptr__
                0x20000148                . = ALIGN (0x4)
                0x20000148                PROVIDE (__preinit_array_start, .)
 *(.preinit_array)
                0x20000148                PROVIDE (__preinit_array_end, .)
                0x20000148                . = ALIGN (0x4)
                0x20000148                PROVIDE (__init_array_start, .)
 *(SORT(.init_array.*))
 *(.init_array)
 .init_array    0x20000148        0x4 c:/program files (x86)/emblocks/2.30/share/em_armgcc/bin/../lib/gcc/arm-none-eabi/4.7.3/armv7-m/crtbegin.o
                0x2000014c                PROVIDE (__init_array_end, .)
                0x2000014c                . = ALIGN (0x4)
                0x2000014c                PROVIDE (__fini_array_start, .)
 *(SORT(.fini_array.*))
 *(.fini_array)
 .fini_array    0x2000014c        0x4 c:/program files (x86)/emblocks/2.30/share/em_armgcc/bin/../lib/gcc/arm-none-eabi/4.7.3/armv7-m/crtbegin.o
                0x20000150                PROVIDE (__fini_array_end, .)
                0x20000150                . = ALIGN (0x4)
                0x20000150                __data_end__ = .

.jcr            0x20000150        0x0 load address 0x0800bb64
 .jcr           0x20000150        0x0 c:/program files (x86)/emblocks/2.30/share/em_armgcc/bin/../lib/gcc/arm-none-eabi/4.7.3/armv7-m/crtbegin.o

.igot.plt       0x20000150        0x0 load address 0x0800bb64
 .igot.plt      0x00000000        0x0 c:/program files (x86)/emblocks/2.30/share/em_armgcc/bin/../lib/gcc/arm-none-eabi/4.7.3/armv7-m/crtbegin.o

.bss            0x20000150      0x62c load address 0x0800bb68
                0x20000150                __bss_start__ = .
 *(.bss*)
 .bss           0x20000150       0x1c c:/program files (x86)/emblocks/2.30/share/em_armgcc/bin/../lib/gcc/arm-none-eabi/4.7.3/armv7-m/crtbegin.o
 .bss.rf_on     0x2000016c        0x1 obj\debug\src\ax25.o
 .bss.BytePosition.5976
                0x2000016d        0x1 obj\debug\src\ax25.o
 .bss.BitPosition.5977
                0x2000016e        0x1 obj\debug\src\ax25.o
 *fill*         0x2000016f        0x1 
 .bss.calibration
                0x20000170       0x1c obj\debug\src\ms5607.o
 .bss.FatFs     0x2000018c        0x4 obj\debug\src\fatfs\ff.o
 .bss.Fsid      0x20000190        0x2 obj\debug\src\fatfs\ff.o
 *fill*         0x20000192        0x2 
 .bss.CardType  0x20000194        0x4 obj\debug\src\fatfs\lo_level_ub\stm32_ub_sdcard.o
 .bss.CSD_Tab   0x20000198       0x10 obj\debug\src\fatfs\lo_level_ub\stm32_ub_sdcard.o
 .bss.CID_Tab   0x200001a8       0x10 obj\debug\src\fatfs\lo_level_ub\stm32_ub_sdcard.o
 .bss.RCA       0x200001b8        0x4 obj\debug\src\fatfs\lo_level_ub\stm32_ub_sdcard.o
 .bss.StopCondition
                0x200001bc        0x4 obj\debug\src\fatfs\lo_level_ub\stm32_ub_sdcard.o
                0x200001bc                StopCondition
 .bss.TransferError
                0x200001c0        0x1 obj\debug\src\fatfs\lo_level_ub\stm32_ub_sdcard.o
                0x200001c0                TransferError
 *fill*         0x200001c1        0x3 
 .bss.TransferEnd
                0x200001c4        0x4 obj\debug\src\fatfs\lo_level_ub\stm32_ub_sdcard.o
                0x200001c4                TransferEnd
 .bss.DMAEndOfTransfer
                0x200001c8        0x4 obj\debug\src\fatfs\lo_level_ub\stm32_ub_sdcard.o
                0x200001c8                DMAEndOfTransfer
 .bss.GPS_Message
                0x200001cc       0x38 obj\debug\src\gps.o
 .bss.rxStringWritePos.5674
                0x20000204        0x1 obj\debug\src\gps.o
 *fill*         0x20000205        0x3 
 .bss.rxString.5673
                0x20000208       0x64 obj\debug\src\gps.o
 .bss.ret_wert  0x2000026c        0x4 obj\debug\src\i2c.o
 .bss.FileSystemObject
                0x20000270      0x234 obj\debug\src\stm32_ub_fatfs.o
 .bss.__malloc_sbrk_start
                0x200004a4        0x4 c:/program files (x86)/emblocks/2.30/share/em_armgcc/bin/../lib/gcc/arm-none-eabi/4.7.3/../../../../arm-none-eabi/lib/armv7-m\libc_n.a(lib_a-nano-mallocr.o)
                0x200004a4                __malloc_sbrk_start
 .bss.__malloc_free_list
                0x200004a8        0x4 c:/program files (x86)/emblocks/2.30/share/em_armgcc/bin/../lib/gcc/arm-none-eabi/4.7.3/../../../../arm-none-eabi/lib/armv7-m\libc_n.a(lib_a-nano-mallocr.o)
                0x200004a8                __malloc_free_list
 .bss.heap_end.4240
                0x200004ac        0x4 c:/program files (x86)/emblocks/2.30/share/em_armgcc/bin/../lib/gcc/arm-none-eabi/4.7.3/../../../../arm-none-eabi/lib/armv7-m\libnosys.a(sbrk.o)
 *(COMMON)
 COMMON         0x200004b0        0x4 obj\debug\src\ax25.o
                0x200004b0                ax25_packet
 COMMON         0x200004b4       0x10 obj\debug\src\dac.o
                0x200004b4                DAC_InitStruct
 *fill*         0x200004c4        0x4 
 COMMON         0x200004c8       0xa0 obj\debug\src\fatfs\lo_level_ub\stm32_ub_sdcard.o
                0x200004c8                SDIO_CmdInitStructure
                0x200004e0                SDCardInfo
                0x20000538                SDIO_InitStructure
                0x20000550                SDIO_DataInitStructure
 COMMON         0x20000568      0x108 obj\debug\src\gps.o
                0x20000568                GPS_USART_RxRingBuffer
 COMMON         0x20000670      0x108 obj\debug\src\usart.o
                0x20000670                USART_RX_Buffer
 COMMON         0x20000778        0x4 c:/program files (x86)/emblocks/2.30/share/em_armgcc/bin/../lib/gcc/arm-none-eabi/4.7.3/../../../../arm-none-eabi/lib/armv7-m\libc_n.a(lib_a-reent.o)
                0x20000778                errno
                0x2000077c                __bss_end__ = .

.heap           0x20000780        0x0
                0x20000780                __end__ = .
                0x20000780                end = __end__
 *(.heap*)
 .heap          0x20000780        0x0 obj\debug\src\startup_stm32f2xx.o
                0x20000780                __HeapLimit = .

.stack_dummy    0x20000780      0x100
 *(.stack)
 .stack         0x20000780      0x100 obj\debug\src\startup_stm32f2xx.o
                0x20010000                __StackTop = (ORIGIN (RAM) + 0x10000)
                0x2000ff00                __StackLimit = (__StackTop - SIZEOF (.stack_dummy))
                0x20010000                PROVIDE (__stack, __StackTop)
                0x00000001                ASSERT ((__StackLimit >= __HeapLimit), region RAM overflowed with stack)
LOAD obj\debug\spl\src\misc.o
LOAD obj\debug\spl\src\stm32f2xx_adc.o
LOAD obj\debug\spl\src\stm32f2xx_can.o
LOAD obj\debug\spl\src\stm32f2xx_crc.o
LOAD obj\debug\spl\src\stm32f2xx_cryp.o
LOAD obj\debug\spl\src\stm32f2xx_cryp_aes.o
LOAD obj\debug\spl\src\stm32f2xx_cryp_des.o
LOAD obj\debug\spl\src\stm32f2xx_cryp_tdes.o
LOAD obj\debug\spl\src\stm32f2xx_dac.o
LOAD obj\debug\spl\src\stm32f2xx_dbgmcu.o
LOAD obj\debug\spl\src\stm32f2xx_dcmi.o
LOAD obj\debug\spl\src\stm32f2xx_dma.o
LOAD obj\debug\spl\src\stm32f2xx_exti.o
LOAD obj\debug\spl\src\stm32f2xx_flash.o
LOAD obj\debug\spl\src\stm32f2xx_fsmc.o
LOAD obj\debug\spl\src\stm32f2xx_gpio.o
LOAD obj\debug\spl\src\stm32f2xx_hash.o
LOAD obj\debug\spl\src\stm32f2xx_hash_md5.o
LOAD obj\debug\spl\src\stm32f2xx_hash_sha1.o
LOAD obj\debug\spl\src\stm32f2xx_i2c.o
LOAD obj\debug\spl\src\stm32f2xx_iwdg.o
LOAD obj\debug\spl\src\stm32f2xx_pwr.o
LOAD obj\debug\spl\src\stm32f2xx_rcc.o
LOAD obj\debug\spl\src\stm32f2xx_rng.o
LOAD obj\debug\spl\src\stm32f2xx_rtc.o
LOAD obj\debug\spl\src\stm32f2xx_sdio.o
LOAD obj\debug\spl\src\stm32f2xx_spi.o
LOAD obj\debug\spl\src\stm32f2xx_syscfg.o
LOAD obj\debug\spl\src\stm32f2xx_tim.o
LOAD obj\debug\spl\src\stm32f2xx_usart.o
LOAD obj\debug\spl\src\stm32f2xx_wwdg.o
LOAD obj\debug\src\adc.o
LOAD obj\debug\src\ax25.o
LOAD obj\debug\src\dac.o
LOAD obj\debug\src\lis302.o
LOAD obj\debug\src\mcp9800.o
LOAD obj\debug\src\ms5607.o
LOAD obj\debug\src\rfm23.o
LOAD obj\debug\src\rrc_bat.o
LOAD obj\debug\src\rtc.o
LOAD obj\debug\src\ringbuffer.o
LOAD obj\debug\src\sine_table.o
LOAD obj\debug\src\fatfs\diskio.o
LOAD obj\debug\src\fatfs\ff.o
LOAD obj\debug\src\fatfs\lo_level_ub\stm32_ub_atadrive.o
LOAD obj\debug\src\fatfs\lo_level_ub\stm32_ub_sdcard.o
LOAD obj\debug\src\fatfs\lo_level_ub\stm32_ub_usbdisk.o
LOAD obj\debug\src\gps.o
LOAD obj\debug\src\i2c.o
LOAD obj\debug\src\main.o
LOAD obj\debug\src\sdio.o
LOAD obj\debug\src\spi.o
LOAD obj\debug\src\startup_stm32f2xx.o
LOAD obj\debug\src\stm32_ub_fatfs.o
LOAD obj\debug\src\system_stm32f2xx.o
LOAD obj\debug\src\usart.o
LOAD obj\debug\src\watchdog.o
START GROUP
LOAD c:/program files (x86)/emblocks/2.30/share/em_armgcc/bin/../lib/gcc/arm-none-eabi/4.7.3/armv7-m\libgcc.a
LOAD c:/program files (x86)/emblocks/2.30/share/em_armgcc/bin/../lib/gcc/arm-none-eabi/4.7.3/../../../../arm-none-eabi/lib/armv7-m\libc_n.a
LOAD c:/program files (x86)/emblocks/2.30/share/em_armgcc/bin/../lib/gcc/arm-none-eabi/4.7.3/../../../../arm-none-eabi/lib/armv7-m\libg_n.a
LOAD c:/program files (x86)/emblocks/2.30/share/em_armgcc/bin/../lib/gcc/arm-none-eabi/4.7.3/../../../../arm-none-eabi/lib/armv7-m\libnosys.a
END GROUP
LOAD c:/program files (x86)/emblocks/2.30/share/em_armgcc/bin/../lib/gcc/arm-none-eabi/4.7.3/armv7-m/crtend.o
LOAD c:/program files (x86)/emblocks/2.30/share/em_armgcc/bin/../lib/gcc/arm-none-eabi/4.7.3/armv7-m/crtn.o
OUTPUT(bin\Debug\Stratos V2.elf elf32-littlearm)

.ARM.attributes
                0x00000000       0x29
 .ARM.attributes
                0x00000000       0x1d c:/program files (x86)/emblocks/2.30/share/em_armgcc/bin/../lib/gcc/arm-none-eabi/4.7.3/armv7-m/crti.o
 .ARM.attributes
                0x0000001d       0x2d c:/program files (x86)/emblocks/2.30/share/em_armgcc/bin/../lib/gcc/arm-none-eabi/4.7.3/armv7-m/crtbegin.o
 .ARM.attributes
                0x0000004a       0x1b c:/program files (x86)/emblocks/2.30/share/em_armgcc/bin/../lib/gcc/arm-none-eabi/4.7.3/../../../../arm-none-eabi/lib/armv7-m/crt0.o
 .ARM.attributes
                0x00000065       0x33 obj\debug\spl\src\misc.o
 .ARM.attributes
                0x00000098       0x33 obj\debug\spl\src\stm32f2xx_adc.o
 .ARM.attributes
                0x000000cb       0x33 obj\debug\spl\src\stm32f2xx_dac.o
 .ARM.attributes
                0x000000fe       0x33 obj\debug\spl\src\stm32f2xx_dma.o
 .ARM.attributes
                0x00000131       0x33 obj\debug\spl\src\stm32f2xx_gpio.o
 .ARM.attributes
                0x00000164       0x33 obj\debug\spl\src\stm32f2xx_i2c.o
 .ARM.attributes
                0x00000197       0x33 obj\debug\spl\src\stm32f2xx_iwdg.o
 .ARM.attributes
                0x000001ca       0x33 obj\debug\spl\src\stm32f2xx_rcc.o
 .ARM.attributes
                0x000001fd       0x33 obj\debug\spl\src\stm32f2xx_sdio.o
 .ARM.attributes
                0x00000230       0x33 obj\debug\spl\src\stm32f2xx_tim.o
 .ARM.attributes
                0x00000263       0x33 obj\debug\spl\src\stm32f2xx_usart.o
 .ARM.attributes
                0x00000296       0x33 obj\debug\src\adc.o
 .ARM.attributes
                0x000002c9       0x33 obj\debug\src\ax25.o
 .ARM.attributes
                0x000002fc       0x33 obj\debug\src\dac.o
 .ARM.attributes
                0x0000032f       0x33 obj\debug\src\lis302.o
 .ARM.attributes
                0x00000362       0x33 obj\debug\src\mcp9800.o
 .ARM.attributes
                0x00000395       0x33 obj\debug\src\ms5607.o
 .ARM.attributes
                0x000003c8       0x33 obj\debug\src\ringbuffer.o
 .ARM.attributes
                0x000003fb       0x33 obj\debug\src\sine_table.o
 .ARM.attributes
                0x0000042e       0x33 obj\debug\src\fatfs\diskio.o
 .ARM.attributes
                0x00000461       0x33 obj\debug\src\fatfs\ff.o
 .ARM.attributes
                0x00000494       0x33 obj\debug\src\fatfs\lo_level_ub\stm32_ub_atadrive.o
 .ARM.attributes
                0x000004c7       0x33 obj\debug\src\fatfs\lo_level_ub\stm32_ub_sdcard.o
 .ARM.attributes
                0x000004fa       0x33 obj\debug\src\fatfs\lo_level_ub\stm32_ub_usbdisk.o
 .ARM.attributes
                0x0000052d       0x33 obj\debug\src\gps.o
 .ARM.attributes
                0x00000560       0x33 obj\debug\src\i2c.o
 .ARM.attributes
                0x00000593       0x33 obj\debug\src\main.o
 .ARM.attributes
                0x000005c6       0x1b obj\debug\src\startup_stm32f2xx.o
 .ARM.attributes
                0x000005e1       0x33 obj\debug\src\stm32_ub_fatfs.o
 .ARM.attributes
                0x00000614       0x33 obj\debug\src\system_stm32f2xx.o
 .ARM.attributes
                0x00000647       0x33 obj\debug\src\usart.o
 .ARM.attributes
                0x0000067a       0x33 obj\debug\src\watchdog.o
 .ARM.attributes
                0x000006ad       0x2d c:/program files (x86)/emblocks/2.30/share/em_armgcc/bin/../lib/gcc/arm-none-eabi/4.7.3/../../../../arm-none-eabi/lib/armv7-m\libc_n.a(lib_a-atoi.o)
 .ARM.attributes
                0x000006da       0x2d c:/program files (x86)/emblocks/2.30/share/em_armgcc/bin/../lib/gcc/arm-none-eabi/4.7.3/../../../../arm-none-eabi/lib/armv7-m\libc_n.a(lib_a-exit.o)
 .ARM.attributes
                0x00000707       0x2d c:/program files (x86)/emblocks/2.30/share/em_armgcc/bin/../lib/gcc/arm-none-eabi/4.7.3/../../../../arm-none-eabi/lib/armv7-m\libc_n.a(lib_a-impure.o)
 .ARM.attributes
                0x00000734       0x2d c:/program files (x86)/emblocks/2.30/share/em_armgcc/bin/../lib/gcc/arm-none-eabi/4.7.3/../../../../arm-none-eabi/lib/armv7-m\libc_n.a(lib_a-init.o)
 .ARM.attributes
                0x00000761       0x2d c:/program files (x86)/emblocks/2.30/share/em_armgcc/bin/../lib/gcc/arm-none-eabi/4.7.3/../../../../arm-none-eabi/lib/armv7-m\libc_n.a(lib_a-memset.o)
 .ARM.attributes
                0x0000078e       0x2d c:/program files (x86)/emblocks/2.30/share/em_armgcc/bin/../lib/gcc/arm-none-eabi/4.7.3/../../../../arm-none-eabi/lib/armv7-m\libc_n.a(lib_a-snprintf.o)
 .ARM.attributes
                0x000007bb       0x2d c:/program files (x86)/emblocks/2.30/share/em_armgcc/bin/../lib/gcc/arm-none-eabi/4.7.3/../../../../arm-none-eabi/lib/armv7-m\libc_n.a(lib_a-strlen.o)
 .ARM.attributes
                0x000007e8       0x2d c:/program files (x86)/emblocks/2.30/share/em_armgcc/bin/../lib/gcc/arm-none-eabi/4.7.3/../../../../arm-none-eabi/lib/armv7-m\libc_n.a(lib_a-strncat.o)
 .ARM.attributes
                0x00000815       0x2d c:/program files (x86)/emblocks/2.30/share/em_armgcc/bin/../lib/gcc/arm-none-eabi/4.7.3/../../../../arm-none-eabi/lib/armv7-m\libc_n.a(lib_a-strncmp.o)
 .ARM.attributes
                0x00000842       0x2d c:/program files (x86)/emblocks/2.30/share/em_armgcc/bin/../lib/gcc/arm-none-eabi/4.7.3/../../../../arm-none-eabi/lib/armv7-m\libc_n.a(lib_a-strncpy.o)
 .ARM.attributes
                0x0000086f       0x2d c:/program files (x86)/emblocks/2.30/share/em_armgcc/bin/../lib/gcc/arm-none-eabi/4.7.3/../../../../arm-none-eabi/lib/armv7-m\libc_n.a(lib_a-strtok.o)
 .ARM.attributes
                0x0000089c       0x2d c:/program files (x86)/emblocks/2.30/share/em_armgcc/bin/../lib/gcc/arm-none-eabi/4.7.3/../../../../arm-none-eabi/lib/armv7-m\libc_n.a(lib_a-strtok_r.o)
 .ARM.attributes
                0x000008c9       0x2d c:/program files (x86)/emblocks/2.30/share/em_armgcc/bin/../lib/gcc/arm-none-eabi/4.7.3/../../../../arm-none-eabi/lib/armv7-m\libc_n.a(lib_a-strtol.o)
 .ARM.attributes
                0x000008f6       0x2d c:/program files (x86)/emblocks/2.30/share/em_armgcc/bin/../lib/gcc/arm-none-eabi/4.7.3/../../../../arm-none-eabi/lib/armv7-m\libc_n.a(lib_a-svfprintf.o)
 .ARM.attributes
                0x00000923       0x2d c:/program files (x86)/emblocks/2.30/share/em_armgcc/bin/../lib/gcc/arm-none-eabi/4.7.3/../../../../arm-none-eabi/lib/armv7-m\libc_n.a(lib_a-vfprintf_i.o)
 .ARM.attributes
                0x00000950       0x2d c:/program files (x86)/emblocks/2.30/share/em_armgcc/bin/../lib/gcc/arm-none-eabi/4.7.3/../../../../arm-none-eabi/lib/armv7-m\libc_n.a(lib_a-ctype_.o)
 .ARM.attributes
                0x0000097d       0x2d c:/program files (x86)/emblocks/2.30/share/em_armgcc/bin/../lib/gcc/arm-none-eabi/4.7.3/../../../../arm-none-eabi/lib/armv7-m\libc_n.a(lib_a-malloc.o)
 .ARM.attributes
                0x000009aa       0x2d c:/program files (x86)/emblocks/2.30/share/em_armgcc/bin/../lib/gcc/arm-none-eabi/4.7.3/../../../../arm-none-eabi/lib/armv7-m\libc_n.a(lib_a-memchr-stub.o)
 .ARM.attributes
                0x000009d7       0x2d c:/program files (x86)/emblocks/2.30/share/em_armgcc/bin/../lib/gcc/arm-none-eabi/4.7.3/../../../../arm-none-eabi/lib/armv7-m\libc_n.a(lib_a-memcpy-stub.o)
 .ARM.attributes
                0x00000a04       0x2d c:/program files (x86)/emblocks/2.30/share/em_armgcc/bin/../lib/gcc/arm-none-eabi/4.7.3/../../../../arm-none-eabi/lib/armv7-m\libc_n.a(lib_a-memmove.o)
 .ARM.attributes
                0x00000a31       0x2d c:/program files (x86)/emblocks/2.30/share/em_armgcc/bin/../lib/gcc/arm-none-eabi/4.7.3/../../../../arm-none-eabi/lib/armv7-m\libc_n.a(lib_a-nano-freer.o)
 .ARM.attributes
                0x00000a5e       0x2d c:/program files (x86)/emblocks/2.30/share/em_armgcc/bin/../lib/gcc/arm-none-eabi/4.7.3/../../../../arm-none-eabi/lib/armv7-m\libc_n.a(lib_a-nano-mallocr.o)
 .ARM.attributes
                0x00000a8b       0x2d c:/program files (x86)/emblocks/2.30/share/em_armgcc/bin/../lib/gcc/arm-none-eabi/4.7.3/../../../../arm-none-eabi/lib/armv7-m\libc_n.a(lib_a-nano-reallocr.o)
 .ARM.attributes
                0x00000ab8       0x2d c:/program files (x86)/emblocks/2.30/share/em_armgcc/bin/../lib/gcc/arm-none-eabi/4.7.3/../../../../arm-none-eabi/lib/armv7-m\libc_n.a(lib_a-sbrkr.o)
 .ARM.attributes
                0x00000ae5       0x2d c:/program files (x86)/emblocks/2.30/share/em_armgcc/bin/../lib/gcc/arm-none-eabi/4.7.3/../../../../arm-none-eabi/lib/armv7-m\libc_n.a(lib_a-nano-msizer.o)
 .ARM.attributes
                0x00000b12       0x2d c:/program files (x86)/emblocks/2.30/share/em_armgcc/bin/../lib/gcc/arm-none-eabi/4.7.3/../../../../arm-none-eabi/lib/armv7-m\libc_n.a(lib_a-reent.o)
 .ARM.attributes
                0x00000b3f       0x2d c:/program files (x86)/emblocks/2.30/share/em_armgcc/bin/../lib/gcc/arm-none-eabi/4.7.3/../../../../arm-none-eabi/lib/armv7-m\libnosys.a(sbrk.o)
 .ARM.attributes
                0x00000b6c       0x2d c:/program files (x86)/emblocks/2.30/share/em_armgcc/bin/../lib/gcc/arm-none-eabi/4.7.3/../../../../arm-none-eabi/lib/armv7-m\libnosys.a(_exit.o)
 .ARM.attributes
                0x00000b99       0x2d c:/program files (x86)/emblocks/2.30/share/em_armgcc/bin/../lib/gcc/arm-none-eabi/4.7.3/armv7-m/crtend.o
 .ARM.attributes
                0x00000bc6       0x1d c:/program files (x86)/emblocks/2.30/share/em_armgcc/bin/../lib/gcc/arm-none-eabi/4.7.3/armv7-m/crtn.o

.comment        0x00000000       0x86
 .comment       0x00000000       0x4e obj\debug\spl\src\misc.o
                                 0x4f (size before relaxing)
 .comment       0x00000000       0x4f obj\debug\spl\src\stm32f2xx_adc.o
 .comment       0x00000000       0x4f obj\debug\spl\src\stm32f2xx_dac.o
 .comment       0x00000000       0x4f obj\debug\spl\src\stm32f2xx_dma.o
 .comment       0x00000000       0x4f obj\debug\spl\src\stm32f2xx_gpio.o
 .comment       0x00000000       0x4f obj\debug\spl\src\stm32f2xx_i2c.o
 .comment       0x00000000       0x4f obj\debug\spl\src\stm32f2xx_iwdg.o
 .comment       0x00000000       0x4f obj\debug\spl\src\stm32f2xx_rcc.o
 .comment       0x00000000       0x4f obj\debug\spl\src\stm32f2xx_sdio.o
 .comment       0x00000000       0x4f obj\debug\spl\src\stm32f2xx_tim.o
 .comment       0x00000000       0x4f obj\debug\spl\src\stm32f2xx_usart.o
 .comment       0x00000000       0x4f obj\debug\src\adc.o
 .comment       0x00000000       0x4f obj\debug\src\ax25.o
 .comment       0x00000000       0x4f obj\debug\src\dac.o
 .comment       0x00000000       0x4f obj\debug\src\lis302.o
 .comment       0x00000000       0x4f obj\debug\src\mcp9800.o
 .comment       0x00000000       0x4f obj\debug\src\ms5607.o
 .comment       0x00000000       0x4f obj\debug\src\ringbuffer.o
 .comment       0x00000000       0x4f obj\debug\src\sine_table.o
 .comment       0x00000000       0x4f obj\debug\src\fatfs\diskio.o
 .comment       0x00000000       0x4f obj\debug\src\fatfs\ff.o
 .comment       0x00000000       0x4f obj\debug\src\fatfs\lo_level_ub\stm32_ub_atadrive.o
 .comment       0x00000000       0x4f obj\debug\src\fatfs\lo_level_ub\stm32_ub_sdcard.o
 .comment       0x00000000       0x4f obj\debug\src\fatfs\lo_level_ub\stm32_ub_usbdisk.o
 .comment       0x0000004e       0x38 obj\debug\src\gps.o
                                 0x39 (size before relaxing)
 .comment       0x00000000       0x4f obj\debug\src\i2c.o
 .comment       0x00000000       0x39 obj\debug\src\main.o
 .comment       0x00000000       0x39 obj\debug\src\stm32_ub_fatfs.o
 .comment       0x00000000       0x39 obj\debug\src\system_stm32f2xx.o
 .comment       0x00000000       0x39 obj\debug\src\usart.o
 .comment       0x00000000       0x39 obj\debug\src\watchdog.o

.debug_info     0x00000000    0x10bce
 .debug_info    0x00000000      0x59a obj\debug\spl\src\misc.o
 .debug_info    0x0000059a      0xd1c obj\debug\spl\src\stm32f2xx_adc.o
 .debug_info    0x000012b6      0x698 obj\debug\spl\src\stm32f2xx_dac.o
 .debug_info    0x0000194e      0x7b7 obj\debug\spl\src\stm32f2xx_dma.o
 .debug_info    0x00002105      0x64b obj\debug\spl\src\stm32f2xx_gpio.o
 .debug_info    0x00002750      0xbb3 obj\debug\spl\src\stm32f2xx_i2c.o
 .debug_info    0x00003303      0x212 obj\debug\spl\src\stm32f2xx_iwdg.o
 .debug_info    0x00003515      0xd51 obj\debug\spl\src\stm32f2xx_rcc.o
 .debug_info    0x00004266      0x8c3 obj\debug\spl\src\stm32f2xx_sdio.o
 .debug_info    0x00004b29     0x1e85 obj\debug\spl\src\stm32f2xx_tim.o
 .debug_info    0x000069ae      0xa6d obj\debug\spl\src\stm32f2xx_usart.o
 .debug_info    0x0000741b      0x5a0 obj\debug\src\adc.o
 .debug_info    0x000079bb      0x86d obj\debug\src\ax25.o
 .debug_info    0x00008228      0x78d obj\debug\src\dac.o
 .debug_info    0x000089b5      0x26e obj\debug\src\lis302.o
 .debug_info    0x00008c23      0x252 obj\debug\src\mcp9800.o
 .debug_info    0x00008e75      0x35d obj\debug\src\ms5607.o
 .debug_info    0x000091d2      0x21e obj\debug\src\ringbuffer.o
 .debug_info    0x000093f0       0xa2 obj\debug\src\sine_table.o
 .debug_info    0x00009492      0x304 obj\debug\src\fatfs\diskio.o
 .debug_info    0x00009796     0x1ad8 obj\debug\src\fatfs\ff.o
 .debug_info    0x0000b26e      0x268 obj\debug\src\fatfs\lo_level_ub\stm32_ub_atadrive.o
 .debug_info    0x0000b4d6     0x1d63 obj\debug\src\fatfs\lo_level_ub\stm32_ub_sdcard.o
 .debug_info    0x0000d239      0x268 obj\debug\src\fatfs\lo_level_ub\stm32_ub_usbdisk.o
 .debug_info    0x0000d4a1      0x9ce obj\debug\src\gps.o
 .debug_info    0x0000de6f      0x71f obj\debug\src\i2c.o
 .debug_info    0x0000e58e      0xe5d obj\debug\src\main.o
 .debug_info    0x0000f3eb       0x89 obj\debug\src\startup_stm32f2xx.o
 .debug_info    0x0000f474      0x8a2 obj\debug\src\stm32_ub_fatfs.o
 .debug_info    0x0000fd16      0x5a7 obj\debug\src\system_stm32f2xx.o
 .debug_info    0x000102bd      0x7db obj\debug\src\usart.o
 .debug_info    0x00010a98      0x136 obj\debug\src\watchdog.o

.debug_abbrev   0x00000000     0x2a97
 .debug_abbrev  0x00000000      0x12e obj\debug\spl\src\misc.o
 .debug_abbrev  0x0000012e      0x19d obj\debug\spl\src\stm32f2xx_adc.o
 .debug_abbrev  0x000002cb      0x183 obj\debug\spl\src\stm32f2xx_dac.o
 .debug_abbrev  0x0000044e      0x15c obj\debug\spl\src\stm32f2xx_dma.o
 .debug_abbrev  0x000005aa      0x1aa obj\debug\spl\src\stm32f2xx_gpio.o
 .debug_abbrev  0x00000754      0x16b obj\debug\spl\src\stm32f2xx_i2c.o
 .debug_abbrev  0x000008bf      0x108 obj\debug\spl\src\stm32f2xx_iwdg.o
 .debug_abbrev  0x000009c7      0x1ea obj\debug\spl\src\stm32f2xx_rcc.o
 .debug_abbrev  0x00000bb1      0x17e obj\debug\spl\src\stm32f2xx_sdio.o
 .debug_abbrev  0x00000d2f      0x18e obj\debug\spl\src\stm32f2xx_tim.o
 .debug_abbrev  0x00000ebd      0x15c obj\debug\spl\src\stm32f2xx_usart.o
 .debug_abbrev  0x00001019      0x150 obj\debug\src\adc.o
 .debug_abbrev  0x00001169      0x18d obj\debug\src\ax25.o
 .debug_abbrev  0x000012f6      0x15b obj\debug\src\dac.o
 .debug_abbrev  0x00001451       0xe5 obj\debug\src\lis302.o
 .debug_abbrev  0x00001536       0xf6 obj\debug\src\mcp9800.o
 .debug_abbrev  0x0000162c      0x102 obj\debug\src\ms5607.o
 .debug_abbrev  0x0000172e      0x109 obj\debug\src\ringbuffer.o
 .debug_abbrev  0x00001837       0x60 obj\debug\src\sine_table.o
 .debug_abbrev  0x00001897      0x13c obj\debug\src\fatfs\diskio.o
 .debug_abbrev  0x000019d3      0x1c5 obj\debug\src\fatfs\ff.o
 .debug_abbrev  0x00001b98       0xcc obj\debug\src\fatfs\lo_level_ub\stm32_ub_atadrive.o
 .debug_abbrev  0x00001c64      0x2b5 obj\debug\src\fatfs\lo_level_ub\stm32_ub_sdcard.o
 .debug_abbrev  0x00001f19       0xcc obj\debug\src\fatfs\lo_level_ub\stm32_ub_usbdisk.o
 .debug_abbrev  0x00001fe5      0x1b9 obj\debug\src\gps.o
 .debug_abbrev  0x0000219e      0x1c6 obj\debug\src\i2c.o
 .debug_abbrev  0x00002364      0x253 obj\debug\src\main.o
 .debug_abbrev  0x000025b7       0x14 obj\debug\src\startup_stm32f2xx.o
 .debug_abbrev  0x000025cb      0x199 obj\debug\src\stm32_ub_fatfs.o
 .debug_abbrev  0x00002764      0x11c obj\debug\src\system_stm32f2xx.o
 .debug_abbrev  0x00002880      0x154 obj\debug\src\usart.o
 .debug_abbrev  0x000029d4       0xc3 obj\debug\src\watchdog.o

.debug_loc      0x00000000     0x6e26
 .debug_loc     0x00000000      0x118 obj\debug\spl\src\misc.o
 .debug_loc     0x00000118      0x838 obj\debug\spl\src\stm32f2xx_adc.o
 .debug_loc     0x00000950      0x3ac obj\debug\spl\src\stm32f2xx_dac.o
 .debug_loc     0x00000cfc      0x428 obj\debug\spl\src\stm32f2xx_dma.o
 .debug_loc     0x00001124      0x310 obj\debug\spl\src\stm32f2xx_gpio.o
 .debug_loc     0x00001434      0x738 obj\debug\spl\src\stm32f2xx_i2c.o
 .debug_loc     0x00001b6c      0x138 obj\debug\spl\src\stm32f2xx_iwdg.o
 .debug_loc     0x00001ca4      0x97c obj\debug\spl\src\stm32f2xx_rcc.o
 .debug_loc     0x00002620      0x648 obj\debug\spl\src\stm32f2xx_sdio.o
 .debug_loc     0x00002c68     0x1420 obj\debug\spl\src\stm32f2xx_tim.o
 .debug_loc     0x00004088      0x658 obj\debug\spl\src\stm32f2xx_usart.o
 .debug_loc     0x000046e0       0xa8 obj\debug\src\adc.o
 .debug_loc     0x00004788       0xa8 obj\debug\src\ax25.o
 .debug_loc     0x00004830       0xd6 obj\debug\src\dac.o
 .debug_loc     0x00004906       0x70 obj\debug\src\lis302.o
 .debug_loc     0x00004976       0x64 obj\debug\src\mcp9800.o
 .debug_loc     0x000049da       0x72 obj\debug\src\ms5607.o
 .debug_loc     0x00004a4c      0x118 obj\debug\src\ringbuffer.o
 .debug_loc     0x00004b64      0x144 obj\debug\src\fatfs\diskio.o
 .debug_loc     0x00004ca8      0xaa0 obj\debug\src\fatfs\ff.o
 .debug_loc     0x00005748      0x17c obj\debug\src\fatfs\lo_level_ub\stm32_ub_atadrive.o
 .debug_loc     0x000058c4      0xaa2 obj\debug\src\fatfs\lo_level_ub\stm32_ub_sdcard.o
 .debug_loc     0x00006366      0x17c obj\debug\src\fatfs\lo_level_ub\stm32_ub_usbdisk.o
 .debug_loc     0x000064e2      0x17c obj\debug\src\gps.o
 .debug_loc     0x0000665e      0x1f8 obj\debug\src\i2c.o
 .debug_loc     0x00006856      0x168 obj\debug\src\main.o
 .debug_loc     0x000069be      0x294 obj\debug\src\stm32_ub_fatfs.o
 .debug_loc     0x00006c52       0x90 obj\debug\src\system_stm32f2xx.o
 .debug_loc     0x00006ce2       0xe0 obj\debug\src\usart.o
 .debug_loc     0x00006dc2       0x64 obj\debug\src\watchdog.o

.debug_aranges  0x00000000     0x12f8
 .debug_aranges
                0x00000000       0x40 obj\debug\spl\src\misc.o
 .debug_aranges
                0x00000040      0x148 obj\debug\spl\src\stm32f2xx_adc.o
 .debug_aranges
                0x00000188       0xa0 obj\debug\spl\src\stm32f2xx_dac.o
 .debug_aranges
                0x00000228       0xb0 obj\debug\spl\src\stm32f2xx_dma.o
 .debug_aranges
                0x000002d8       0x88 obj\debug\spl\src\stm32f2xx_gpio.o
 .debug_aranges
                0x00000360      0x120 obj\debug\spl\src\stm32f2xx_i2c.o
 .debug_aranges
                0x00000480       0x48 obj\debug\spl\src\stm32f2xx_iwdg.o
 .debug_aranges
                0x000004c8      0x178 obj\debug\spl\src\stm32f2xx_rcc.o
 .debug_aranges
                0x00000640      0x108 obj\debug\spl\src\stm32f2xx_sdio.o
 .debug_aranges
                0x00000748      0x2f8 obj\debug\spl\src\stm32f2xx_tim.o
 .debug_aranges
                0x00000a40      0x100 obj\debug\spl\src\stm32f2xx_usart.o
 .debug_aranges
                0x00000b40       0x30 obj\debug\src\adc.o
 .debug_aranges
                0x00000b70       0x30 obj\debug\src\ax25.o
 .debug_aranges
                0x00000ba0       0x38 obj\debug\src\dac.o
 .debug_aranges
                0x00000bd8       0x28 obj\debug\src\lis302.o
 .debug_aranges
                0x00000c00       0x28 obj\debug\src\mcp9800.o
 .debug_aranges
                0x00000c28       0x28 obj\debug\src\ms5607.o
 .debug_aranges
                0x00000c50       0x40 obj\debug\src\ringbuffer.o
 .debug_aranges
                0x00000c90       0x18 obj\debug\src\sine_table.o
 .debug_aranges
                0x00000ca8       0x48 obj\debug\src\fatfs\diskio.o
 .debug_aranges
                0x00000cf0      0x198 obj\debug\src\fatfs\ff.o
 .debug_aranges
                0x00000e88       0x50 obj\debug\src\fatfs\lo_level_ub\stm32_ub_atadrive.o
 .debug_aranges
                0x00000ed8      0x1a8 obj\debug\src\fatfs\lo_level_ub\stm32_ub_sdcard.o
 .debug_aranges
                0x00001080       0x50 obj\debug\src\fatfs\lo_level_ub\stm32_ub_usbdisk.o
 .debug_aranges
                0x000010d0       0x50 obj\debug\src\gps.o
 .debug_aranges
                0x00001120       0x60 obj\debug\src\i2c.o
 .debug_aranges
                0x00001180       0x50 obj\debug\src\main.o
 .debug_aranges
                0x000011d0       0x20 obj\debug\src\startup_stm32f2xx.o
 .debug_aranges
                0x000011f0       0x78 obj\debug\src\stm32_ub_fatfs.o
 .debug_aranges
                0x00001268       0x30 obj\debug\src\system_stm32f2xx.o
 .debug_aranges
                0x00001298       0x38 obj\debug\src\usart.o
 .debug_aranges
                0x000012d0       0x28 obj\debug\src\watchdog.o

.debug_ranges   0x00000000     0x10e0
 .debug_ranges  0x00000000       0x30 obj\debug\spl\src\misc.o
 .debug_ranges  0x00000030      0x138 obj\debug\spl\src\stm32f2xx_adc.o
 .debug_ranges  0x00000168       0x90 obj\debug\spl\src\stm32f2xx_dac.o
 .debug_ranges  0x000001f8       0xa0 obj\debug\spl\src\stm32f2xx_dma.o
 .debug_ranges  0x00000298       0x78 obj\debug\spl\src\stm32f2xx_gpio.o
 .debug_ranges  0x00000310      0x110 obj\debug\spl\src\stm32f2xx_i2c.o
 .debug_ranges  0x00000420       0x38 obj\debug\spl\src\stm32f2xx_iwdg.o
 .debug_ranges  0x00000458      0x168 obj\debug\spl\src\stm32f2xx_rcc.o
 .debug_ranges  0x000005c0       0xf8 obj\debug\spl\src\stm32f2xx_sdio.o
 .debug_ranges  0x000006b8      0x2e8 obj\debug\spl\src\stm32f2xx_tim.o
 .debug_ranges  0x000009a0       0xf0 obj\debug\spl\src\stm32f2xx_usart.o
 .debug_ranges  0x00000a90       0x20 obj\debug\src\adc.o
 .debug_ranges  0x00000ab0       0x20 obj\debug\src\ax25.o
 .debug_ranges  0x00000ad0       0x28 obj\debug\src\dac.o
 .debug_ranges  0x00000af8       0x18 obj\debug\src\lis302.o
 .debug_ranges  0x00000b10       0x18 obj\debug\src\mcp9800.o
 .debug_ranges  0x00000b28       0x18 obj\debug\src\ms5607.o
 .debug_ranges  0x00000b40       0x30 obj\debug\src\ringbuffer.o
 .debug_ranges  0x00000b70       0x38 obj\debug\src\fatfs\diskio.o
 .debug_ranges  0x00000ba8      0x188 obj\debug\src\fatfs\ff.o
 .debug_ranges  0x00000d30       0x40 obj\debug\src\fatfs\lo_level_ub\stm32_ub_atadrive.o
 .debug_ranges  0x00000d70      0x198 obj\debug\src\fatfs\lo_level_ub\stm32_ub_sdcard.o
 .debug_ranges  0x00000f08       0x40 obj\debug\src\fatfs\lo_level_ub\stm32_ub_usbdisk.o
 .debug_ranges  0x00000f48       0x40 obj\debug\src\gps.o
 .debug_ranges  0x00000f88       0x50 obj\debug\src\i2c.o
 .debug_ranges  0x00000fd8       0x40 obj\debug\src\main.o
 .debug_ranges  0x00001018       0x68 obj\debug\src\stm32_ub_fatfs.o
 .debug_ranges  0x00001080       0x20 obj\debug\src\system_stm32f2xx.o
 .debug_ranges  0x000010a0       0x28 obj\debug\src\usart.o
 .debug_ranges  0x000010c8       0x18 obj\debug\src\watchdog.o

.debug_macro    0x00000000    0x11bc5
 .debug_macro   0x00000000       0xf8 obj\debug\spl\src\misc.o
 .debug_macro   0x000000f8      0x820 obj\debug\spl\src\misc.o
 .debug_macro   0x00000918       0x56 obj\debug\spl\src\misc.o
 .debug_macro   0x0000096e       0x3a obj\debug\spl\src\misc.o
 .debug_macro   0x000009a8       0x3a obj\debug\spl\src\misc.o
 .debug_macro   0x000009e2       0x10 obj\debug\spl\src\misc.o
 .debug_macro   0x000009f2       0x2e obj\debug\spl\src\misc.o
 .debug_macro   0x00000a20       0xa3 obj\debug\spl\src\misc.o
 .debug_macro   0x00000ac3      0x20e obj\debug\spl\src\misc.o
 .debug_macro   0x00000cd1       0x18 obj\debug\spl\src\misc.o
 .debug_macro   0x00000ce9      0xb08 obj\debug\spl\src\misc.o
 .debug_macro   0x000017f1     0x7f9a obj\debug\spl\src\misc.o
 .debug_macro   0x0000978b      0x258 obj\debug\spl\src\misc.o
 .debug_macro   0x000099e3      0x2b3 obj\debug\spl\src\misc.o
 .debug_macro   0x00009c96      0x536 obj\debug\spl\src\misc.o
 .debug_macro   0x0000a1cc      0x221 obj\debug\spl\src\misc.o
 .debug_macro   0x0000a3ed       0x35 obj\debug\spl\src\misc.o
 .debug_macro   0x0000a422       0x7c obj\debug\spl\src\misc.o
 .debug_macro   0x0000a49e      0x17b obj\debug\spl\src\stm32f2xx_adc.o
 .debug_macro   0x0000a619      0x44f obj\debug\spl\src\stm32f2xx_adc.o
 .debug_macro   0x0000aa68      0x123 obj\debug\spl\src\stm32f2xx_dac.o
 .debug_macro   0x0000ab8b      0x182 obj\debug\spl\src\stm32f2xx_dac.o
 .debug_macro   0x0000ad0d      0x146 obj\debug\spl\src\stm32f2xx_dma.o
 .debug_macro   0x0000ae53      0x471 obj\debug\spl\src\stm32f2xx_dma.o
 .debug_macro   0x0000b2c4       0xed obj\debug\spl\src\stm32f2xx_gpio.o
 .debug_macro   0x0000b3b1      0x2ad obj\debug\spl\src\stm32f2xx_gpio.o
 .debug_macro   0x0000b65e       0xff obj\debug\spl\src\stm32f2xx_i2c.o
 .debug_macro   0x0000b75d       0xfe obj\debug\spl\src\stm32f2xx_iwdg.o
 .debug_macro   0x0000b85b       0x5e obj\debug\spl\src\stm32f2xx_iwdg.o
 .debug_macro   0x0000b8b9      0x196 obj\debug\spl\src\stm32f2xx_rcc.o
 .debug_macro   0x0000ba4f      0x530 obj\debug\spl\src\stm32f2xx_rcc.o
 .debug_macro   0x0000bf7f      0x1be obj\debug\spl\src\stm32f2xx_sdio.o
 .debug_macro   0x0000c13d      0x33c obj\debug\spl\src\stm32f2xx_sdio.o
 .debug_macro   0x0000c479      0x11c obj\debug\spl\src\stm32f2xx_tim.o
 .debug_macro   0x0000c595      0x735 obj\debug\spl\src\stm32f2xx_tim.o
 .debug_macro   0x0000ccca      0x105 obj\debug\spl\src\stm32f2xx_usart.o
 .debug_macro   0x0000cdcf      0x21b obj\debug\spl\src\stm32f2xx_usart.o
 .debug_macro   0x0000cfea       0xf6 obj\debug\src\adc.o
 .debug_macro   0x0000d0e0      0x184 obj\debug\src\ax25.o
 .debug_macro   0x0000d264       0x82 obj\debug\src\ax25.o
 .debug_macro   0x0000d2e6       0x3a obj\debug\src\ax25.o
 .debug_macro   0x0000d320       0x52 obj\debug\src\ax25.o
 .debug_macro   0x0000d372       0x19 obj\debug\src\ax25.o
 .debug_macro   0x0000d38b      0x16d obj\debug\src\ax25.o
 .debug_macro   0x0000d4f8       0xac obj\debug\src\ax25.o
 .debug_macro   0x0000d5a4       0x10 obj\debug\src\ax25.o
 .debug_macro   0x0000d5b4       0x97 obj\debug\src\ax25.o
 .debug_macro   0x0000d64b       0x10 obj\debug\src\ax25.o
 .debug_macro   0x0000d65b       0x82 obj\debug\src\ax25.o
 .debug_macro   0x0000d6dd      0x452 obj\debug\src\ax25.o
 .debug_macro   0x0000db2f      0x126 obj\debug\src\dac.o
 .debug_macro   0x0000dc55      0x477 obj\debug\src\dac.o
 .debug_macro   0x0000e0cc      0x73b obj\debug\src\dac.o
 .debug_macro   0x0000e807       0xfd obj\debug\src\lis302.o
 .debug_macro   0x0000e904      0x100 obj\debug\src\mcp9800.o
 .debug_macro   0x0000ea04       0x1c obj\debug\src\mcp9800.o
 .debug_macro   0x0000ea20       0xf7 obj\debug\src\ms5607.o
 .debug_macro   0x0000eb17       0x73 obj\debug\src\ringbuffer.o
 .debug_macro   0x0000eb8a       0x16 obj\debug\src\ringbuffer.o
 .debug_macro   0x0000eba0       0x64 obj\debug\src\sine_table.o
 .debug_macro   0x0000ec04      0x14f obj\debug\src\fatfs\diskio.o
 .debug_macro   0x0000ed53       0x16 obj\debug\src\fatfs\diskio.o
 .debug_macro   0x0000ed69       0x9a obj\debug\src\fatfs\diskio.o
 .debug_macro   0x0000ee03      0x342 obj\debug\src\fatfs\diskio.o
 .debug_macro   0x0000f145      0x397 obj\debug\src\fatfs\diskio.o
 .debug_macro   0x0000f4dc      0x27c obj\debug\src\fatfs\ff.o
 .debug_macro   0x0000f758       0x97 obj\debug\src\fatfs\ff.o
 .debug_macro   0x0000f7ef       0xee obj\debug\src\fatfs\ff.o
 .debug_macro   0x0000f8dd       0xac obj\debug\src\fatfs\ff.o
 .debug_macro   0x0000f989       0x58 obj\debug\src\fatfs\ff.o
 .debug_macro   0x0000f9e1      0x105 obj\debug\src\fatfs\lo_level_ub\stm32_ub_atadrive.o
 .debug_macro   0x0000fae6      0x125 obj\debug\src\fatfs\lo_level_ub\stm32_ub_sdcard.o
 .debug_macro   0x0000fc0b      0x105 obj\debug\src\fatfs\lo_level_ub\stm32_ub_usbdisk.o
 .debug_macro   0x0000fd10      0x189 obj\debug\src\gps.o
 .debug_macro   0x0000fe99      0x820 obj\debug\src\gps.o
 .debug_macro   0x000106b9       0x16 obj\debug\src\gps.o
 .debug_macro   0x000106cf       0x44 obj\debug\src\gps.o
 .debug_macro   0x00010713      0x209 obj\debug\src\gps.o
 .debug_macro   0x0001091c       0x1c obj\debug\src\gps.o
 .debug_macro   0x00010938       0x58 obj\debug\src\gps.o
 .debug_macro   0x00010990       0x35 obj\debug\src\gps.o
 .debug_macro   0x000109c5      0x16c obj\debug\src\gps.o
 .debug_macro   0x00010b31       0x16 obj\debug\src\gps.o
 .debug_macro   0x00010b47       0x43 obj\debug\src\gps.o
 .debug_macro   0x00010b8a      0x180 obj\debug\src\gps.o
 .debug_macro   0x00010d0a      0x2a6 obj\debug\src\gps.o
 .debug_macro   0x00010fb0       0x35 obj\debug\src\gps.o
 .debug_macro   0x00010fe5       0xf7 obj\debug\src\i2c.o
 .debug_macro   0x000110dc      0x2f4 obj\debug\src\main.o
 .debug_macro   0x000113d0       0x40 obj\debug\src\main.o
 .debug_macro   0x00011410       0x58 obj\debug\src\main.o
 .debug_macro   0x00011468       0x16 obj\debug\src\main.o
 .debug_macro   0x0001147e       0x10 obj\debug\src\main.o
 .debug_macro   0x0001148e       0x85 obj\debug\src\main.o
 .debug_macro   0x00011513       0x10 obj\debug\src\main.o
 .debug_macro   0x00011523       0x22 obj\debug\src\main.o
 .debug_macro   0x00011545       0xbd obj\debug\src\main.o
 .debug_macro   0x00011602       0x16 obj\debug\src\main.o
 .debug_macro   0x00011618      0x14a obj\debug\src\main.o
 .debug_macro   0x00011762       0x16 obj\debug\src\main.o
 .debug_macro   0x00011778       0x22 obj\debug\src\main.o
 .debug_macro   0x0001179a      0x134 obj\debug\src\stm32_ub_fatfs.o
 .debug_macro   0x000118ce       0xe4 obj\debug\src\system_stm32f2xx.o
 .debug_macro   0x000119b2       0xe1 obj\debug\src\usart.o
 .debug_macro   0x00011a93       0xe8 obj\debug\src\watchdog.o
 .debug_macro   0x00011b7b       0x4a obj\debug\src\watchdog.o

.debug_line     0x00000000     0xa853
 .debug_line    0x00000000      0x3a5 obj\debug\spl\src\misc.o
 .debug_line    0x000003a5      0x6b4 obj\debug\spl\src\stm32f2xx_adc.o
 .debug_line    0x00000a59      0x4c0 obj\debug\spl\src\stm32f2xx_dac.o
 .debug_line    0x00000f19      0x53c obj\debug\spl\src\stm32f2xx_dma.o
 .debug_line    0x00001455      0x48b obj\debug\spl\src\stm32f2xx_gpio.o
 .debug_line    0x000018e0      0x616 obj\debug\spl\src\stm32f2xx_i2c.o
 .debug_line    0x00001ef6      0x3bd obj\debug\spl\src\stm32f2xx_iwdg.o
 .debug_line    0x000022b3      0x6e8 obj\debug\spl\src\stm32f2xx_rcc.o
 .debug_line    0x0000299b      0x5a4 obj\debug\spl\src\stm32f2xx_sdio.o
 .debug_line    0x00002f3f      0xbd9 obj\debug\spl\src\stm32f2xx_tim.o
 .debug_line    0x00003b18      0x5dc obj\debug\spl\src\stm32f2xx_usart.o
 .debug_line    0x000040f4      0x3aa obj\debug\src\adc.o
 .debug_line    0x0000449e      0x463 obj\debug\src\ax25.o
 .debug_line    0x00004901      0x400 obj\debug\src\dac.o
 .debug_line    0x00004d01      0x36a obj\debug\src\lis302.o
 .debug_line    0x0000506b      0x367 obj\debug\src\mcp9800.o
 .debug_line    0x000053d2      0x3bf obj\debug\src\ms5607.o
 .debug_line    0x00005791      0x2d2 obj\debug\src\ringbuffer.o
 .debug_line    0x00005a63      0x260 obj\debug\src\sine_table.o
 .debug_line    0x00005cc3      0x4aa obj\debug\src\fatfs\diskio.o
 .debug_line    0x0000616d      0xe51 obj\debug\src\fatfs\ff.o
 .debug_line    0x00006fbe      0x406 obj\debug\src\fatfs\lo_level_ub\stm32_ub_atadrive.o
 .debug_line    0x000073c4      0xd45 obj\debug\src\fatfs\lo_level_ub\stm32_ub_sdcard.o
 .debug_line    0x00008109      0x404 obj\debug\src\fatfs\lo_level_ub\stm32_ub_usbdisk.o
 .debug_line    0x0000850d      0x4eb obj\debug\src\gps.o
 .debug_line    0x000089f8      0x624 obj\debug\src\i2c.o
 .debug_line    0x0000901c      0x76a obj\debug\src\main.o
 .debug_line    0x00009786       0xcb obj\debug\src\startup_stm32f2xx.o
 .debug_line    0x00009851      0x57a obj\debug\src\stm32_ub_fatfs.o
 .debug_line    0x00009dcb      0x37c obj\debug\src\system_stm32f2xx.o
 .debug_line    0x0000a147      0x3a1 obj\debug\src\usart.o
 .debug_line    0x0000a4e8      0x36b obj\debug\src\watchdog.o

.debug_str      0x00000000    0x58936
 .debug_str     0x00000000    0x3b48c obj\debug\spl\src\misc.o
                              0x3b626 (size before relaxing)
 .debug_str     0x0003b48c     0x3abc obj\debug\spl\src\stm32f2xx_adc.o
                              0x3ea32 (size before relaxing)
 .debug_str     0x0003ef48     0x1395 obj\debug\spl\src\stm32f2xx_dac.o
                              0x3c329 (size before relaxing)
 .debug_str     0x000402dd     0x32e2 obj\debug\spl\src\stm32f2xx_dma.o
                              0x3e265 (size before relaxing)
 .debug_str     0x000435bf      0x2ea obj\debug\spl\src\stm32f2xx_gpio.o
                              0x3b22d (size before relaxing)
 .debug_str     0x000438a9      0x48a obj\debug\spl\src\stm32f2xx_i2c.o
                              0x3b453 (size before relaxing)
 .debug_str     0x00043d33      0x49f obj\debug\spl\src\stm32f2xx_iwdg.o
                              0x3b3de (size before relaxing)
 .debug_str     0x000441d2      0xa6c obj\debug\spl\src\stm32f2xx_rcc.o
                              0x3baae (size before relaxing)
 .debug_str     0x00044c3e     0x292f obj\debug\spl\src\stm32f2xx_sdio.o
                              0x3d8af (size before relaxing)
 .debug_str     0x0004756d     0x5202 obj\debug\spl\src\stm32f2xx_tim.o
                              0x40218 (size before relaxing)
 .debug_str     0x0004c76f      0x523 obj\debug\spl\src\stm32f2xx_usart.o
                              0x3b53d (size before relaxing)
 .debug_str     0x0004cc92       0x5e obj\debug\src\adc.o
                              0x3e469 (size before relaxing)
 .debug_str     0x0004ccf0     0x2e91 obj\debug\src\ax25.o
                              0x42ad9 (size before relaxing)
 .debug_str     0x0004fb81       0x43 obj\debug\src\dac.o
                              0x445a5 (size before relaxing)
 .debug_str     0x0004fbc4       0x58 obj\debug\src\lis302.o
                              0x3aff8 (size before relaxing)
 .debug_str     0x0004fc1c       0x98 obj\debug\src\mcp9800.o
                              0x3b04b (size before relaxing)
 .debug_str     0x0004fcb4       0x5a obj\debug\src\ms5607.o
                              0x3b019 (size before relaxing)
 .debug_str     0x0004fd0e      0x133 obj\debug\src\ringbuffer.o
                               0x306c (size before relaxing)
 .debug_str     0x0004fe41       0x11 obj\debug\src\sine_table.o
                               0x2f46 (size before relaxing)
 .debug_str     0x0004fe52     0x1729 obj\debug\src\fatfs\diskio.o
                              0x41721 (size before relaxing)
 .debug_str     0x0005157b     0x120e obj\debug\src\fatfs\ff.o
                               0x37b7 (size before relaxing)
 .debug_str     0x00052789       0xab obj\debug\src\fatfs\lo_level_ub\stm32_ub_atadrive.o
                              0x3b1a7 (size before relaxing)